Mär 08 15:22:25 archlinux kernel: Linux version 6.13.5-arch1-1 (linux@archlinux) (gcc (GCC) 14.2.1 20250207, GNU ld (GNU Binutils) 2.44) #1 SMP PREEMPT_DYNAMIC Thu, 27 Feb 2025 18:09:44 +0000
Mär 08 15:22:25 archlinux kernel: Command line: BOOT_IMAGE=/vmlinuz-linux root=UUID=6b146679-002f-4327-8a18-014c0a1c8a8d rw loglevel=3 nvidia_drm.modeset=1 nvidia_drm.fbdev=1 nvidia.NVreg_EnableGpuFirmware=0 nvidia.Nvreg_PreserveVideoMemoryAllocations=1 pcie_aspm=off
Mär 08 15:22:25 archlinux kernel: BIOS-provided physical RAM map:
Mär 08 15:22:25 archlinux kernel: BIOS-e820: [mem 0x0000000000000000-0x000000000009ffff] usable
Mär 08 15:22:25 archlinux kernel: BIOS-e820: [mem 0x00000000000a0000-0x00000000000fffff] reserved
Mär 08 15:22:25 archlinux kernel: BIOS-e820: [mem 0x0000000000100000-0x0000000009d81fff] usable
Mär 08 15:22:25 archlinux kernel: BIOS-e820: [mem 0x0000000009d82000-0x0000000009ffffff] reserved
Mär 08 15:22:25 archlinux kernel: BIOS-e820: [mem 0x000000000a000000-0x000000000a1fffff] usable
Mär 08 15:22:25 archlinux kernel: BIOS-e820: [mem 0x000000000a200000-0x000000000a210fff] ACPI NVS
Mär 08 15:22:25 archlinux kernel: BIOS-e820: [mem 0x000000000a211000-0x000000000affffff] usable
Mär 08 15:22:25 archlinux kernel: BIOS-e820: [mem 0x000000000b000000-0x000000000b01ffff] reserved
Mär 08 15:22:25 archlinux kernel: BIOS-e820: [mem 0x000000000b020000-0x00000000bb115fff] usable
Mär 08 15:22:25 archlinux kernel: BIOS-e820: [mem 0x00000000bb116000-0x00000000bb495fff] reserved
Mär 08 15:22:25 archlinux kernel: BIOS-e820: [mem 0x00000000bb496000-0x00000000bb4f9fff] ACPI data
Mär 08 15:22:25 archlinux kernel: BIOS-e820: [mem 0x00000000bb4fa000-0x00000000bcbf8fff] ACPI NVS
Mär 08 15:22:25 archlinux kernel: BIOS-e820: [mem 0x00000000bcbf9000-0x00000000bdbfefff] reserved
Mär 08 15:22:25 archlinux kernel: BIOS-e820: [mem 0x00000000bdbff000-0x00000000beffffff] usable
Mär 08 15:22:25 archlinux kernel: BIOS-e820: [mem 0x00000000bf000000-0x00000000bfffffff] reserved
Mär 08 15:22:25 archlinux kernel: BIOS-e820: [mem 0x00000000f0000000-0x00000000f7ffffff] reserved
Mär 08 15:22:25 archlinux kernel: BIOS-e820: [mem 0x00000000fd200000-0x00000000fd2fffff] reserved
Mär 08 15:22:25 archlinux kernel: BIOS-e820: [mem 0x00000000fd600000-0x00000000fd7fffff] reserved
Mär 08 15:22:25 archlinux kernel: BIOS-e820: [mem 0x00000000fea00000-0x00000000fea0ffff] reserved
Mär 08 15:22:25 archlinux kernel: BIOS-e820: [mem 0x00000000feb80000-0x00000000fec01fff] reserved
Mär 08 15:22:25 archlinux kernel: BIOS-e820: [mem 0x00000000fec10000-0x00000000fec10fff] reserved
Mär 08 15:22:25 archlinux kernel: BIOS-e820: [mem 0x00000000fec30000-0x00000000fec30fff] reserved
Mär 08 15:22:25 archlinux kernel: BIOS-e820: [mem 0x00000000fed00000-0x00000000fed00fff] reserved
Mär 08 15:22:25 archlinux kernel: BIOS-e820: [mem 0x00000000fed40000-0x00000000fed44fff] reserved
Mär 08 15:22:25 archlinux kernel: BIOS-e820: [mem 0x00000000fed80000-0x00000000fed8ffff] reserved
Mär 08 15:22:25 archlinux kernel: BIOS-e820: [mem 0x00000000fedc2000-0x00000000fedcffff] reserved
Mär 08 15:22:25 archlinux kernel: BIOS-e820: [mem 0x00000000fedd4000-0x00000000fedd5fff] reserved
Mär 08 15:22:25 archlinux kernel: BIOS-e820: [mem 0x00000000ff000000-0x00000000ffffffff] reserved
Mär 08 15:22:25 archlinux kernel: BIOS-e820: [mem 0x0000000100000000-0x000000043f37ffff] usable
Mär 08 15:22:25 archlinux kernel: BIOS-e820: [mem 0x000000043f380000-0x000000043fffffff] reserved
Mär 08 15:22:25 archlinux kernel: The simpledrm driver will not be probed
Mär 08 15:22:25 archlinux kernel: NX (Execute Disable) protection: active
Mär 08 15:22:25 archlinux kernel: APIC: Static calls initialized
Mär 08 15:22:25 archlinux kernel: e820: update [mem 0xb701b018-0xb7029057] usable ==> usable
Mär 08 15:22:25 archlinux kernel: e820: update [mem 0xa930c018-0xa932dc57] usable ==> usable
Mär 08 15:22:25 archlinux kernel: extended physical RAM map:
Mär 08 15:22:25 archlinux kernel: reserve setup_data: [mem 0x0000000000000000-0x000000000009ffff] usable
Mär 08 15:22:25 archlinux kernel: reserve setup_data: [mem 0x00000000000a0000-0x00000000000fffff] reserved
Mär 08 15:22:25 archlinux kernel: reserve setup_data: [mem 0x0000000000100000-0x0000000009d81fff] usable
Mär 08 15:22:25 archlinux kernel: reserve setup_data: [mem 0x0000000009d82000-0x0000000009ffffff] reserved
Mär 08 15:22:25 archlinux kernel: reserve setup_data: [mem 0x000000000a000000-0x000000000a1fffff] usable
Mär 08 15:22:25 archlinux kernel: reserve setup_data: [mem 0x000000000a200000-0x000000000a210fff] ACPI NVS
Mär 08 15:22:25 archlinux kernel: reserve setup_data: [mem 0x000000000a211000-0x000000000affffff] usable
Mär 08 15:22:25 archlinux kernel: reserve setup_data: [mem 0x000000000b000000-0x000000000b01ffff] reserved
Mär 08 15:22:25 archlinux kernel: reserve setup_data: [mem 0x000000000b020000-0x00000000a930c017] usable
Mär 08 15:22:25 archlinux kernel: reserve setup_data: [mem 0x00000000a930c018-0x00000000a932dc57] usable
Mär 08 15:22:25 archlinux kernel: reserve setup_data: [mem 0x00000000a932dc58-0x00000000b701b017] usable
Mär 08 15:22:25 archlinux kernel: reserve setup_data: [mem 0x00000000b701b018-0x00000000b7029057] usable
Mär 08 15:22:25 archlinux kernel: reserve setup_data: [mem 0x00000000b7029058-0x00000000bb115fff] usable
Mär 08 15:22:25 archlinux kernel: reserve setup_data: [mem 0x00000000bb116000-0x00000000bb495fff] reserved
Mär 08 15:22:25 archlinux kernel: reserve setup_data: [mem 0x00000000bb496000-0x00000000bb4f9fff] ACPI data
Mär 08 15:22:25 archlinux kernel: reserve setup_data: [mem 0x00000000bb4fa000-0x00000000bcbf8fff] ACPI NVS
Mär 08 15:22:25 archlinux kernel: reserve setup_data: [mem 0x00000000bcbf9000-0x00000000bdbfefff] reserved
Mär 08 15:22:25 archlinux kernel: reserve setup_data: [mem 0x00000000bdbff000-0x00000000beffffff] usable
Mär 08 15:22:25 archlinux kernel: reserve setup_data: [mem 0x00000000bf000000-0x00000000bfffffff] reserved
Mär 08 15:22:25 archlinux kernel: reserve setup_data: [mem 0x00000000f0000000-0x00000000f7ffffff] reserved
Mär 08 15:22:25 archlinux kernel: reserve setup_data: [mem 0x00000000fd200000-0x00000000fd2fffff] reserved
Mär 08 15:22:25 archlinux kernel: reserve setup_data: [mem 0x00000000fd600000-0x00000000fd7fffff] reserved
Mär 08 15:22:25 archlinux kernel: reserve setup_data: [mem 0x00000000fea00000-0x00000000fea0ffff] reserved
Mär 08 15:22:25 archlinux kernel: reserve setup_data: [mem 0x00000000feb80000-0x00000000fec01fff] reserved
Mär 08 15:22:25 archlinux kernel: reserve setup_data: [mem 0x00000000fec10000-0x00000000fec10fff] reserved
Mär 08 15:22:25 archlinux kernel: reserve setup_data: [mem 0x00000000fec30000-0x00000000fec30fff] reserved
Mär 08 15:22:25 archlinux kernel: reserve setup_data: [mem 0x00000000fed00000-0x00000000fed00fff] reserved
Mär 08 15:22:25 archlinux kernel: reserve setup_data: [mem 0x00000000fed40000-0x00000000fed44fff] reserved
Mär 08 15:22:25 archlinux kernel: reserve setup_data: [mem 0x00000000fed80000-0x00000000fed8ffff] reserved
Mär 08 15:22:25 archlinux kernel: reserve setup_data: [mem 0x00000000fedc2000-0x00000000fedcffff] reserved
Mär 08 15:22:25 archlinux kernel: reserve setup_data: [mem 0x00000000fedd4000-0x00000000fedd5fff] reserved
Mär 08 15:22:25 archlinux kernel: reserve setup_data: [mem 0x00000000ff000000-0x00000000ffffffff] reserved
Mär 08 15:22:25 archlinux kernel: reserve setup_data: [mem 0x0000000100000000-0x000000043f37ffff] usable
Mär 08 15:22:25 archlinux kernel: reserve setup_data: [mem 0x000000043f380000-0x000000043fffffff] reserved
Mär 08 15:22:25 archlinux kernel: efi: EFI v2.7 by American Megatrends
Mär 08 15:22:25 archlinux kernel: efi: ACPI=0xbcbe2000 ACPI 2.0=0xbcbe2014 TPMFinalLog=0xbcbac000 SMBIOS=0xbd9c9000 MEMATTR=0xb748e018 INITRD=0xb8966c18 RNG=0xbb4d4018 TPMEventLog=0xbb4cb018 
Mär 08 15:22:25 archlinux kernel: random: crng init done
Mär 08 15:22:25 archlinux kernel: efi: Remove mem307: MMIO range=[0xf0000000-0xf7ffffff] (128MB) from e820 map
Mär 08 15:22:25 archlinux kernel: e820: remove [mem 0xf0000000-0xf7ffffff] reserved
Mär 08 15:22:25 archlinux kernel: efi: Remove mem308: MMIO range=[0xfd200000-0xfd2fffff] (1MB) from e820 map
Mär 08 15:22:25 archlinux kernel: e820: remove [mem 0xfd200000-0xfd2fffff] reserved
Mär 08 15:22:25 archlinux kernel: efi: Remove mem309: MMIO range=[0xfd600000-0xfd7fffff] (2MB) from e820 map
Mär 08 15:22:25 archlinux kernel: e820: remove [mem 0xfd600000-0xfd7fffff] reserved
Mär 08 15:22:25 archlinux kernel: efi: Not removing mem310: MMIO range=[0xfea00000-0xfea0ffff] (64KB) from e820 map
Mär 08 15:22:25 archlinux kernel: efi: Remove mem311: MMIO range=[0xfeb80000-0xfec01fff] (0MB) from e820 map
Mär 08 15:22:25 archlinux kernel: e820: remove [mem 0xfeb80000-0xfec01fff] reserved
Mär 08 15:22:25 archlinux kernel: efi: Not removing mem312: MMIO range=[0xfec10000-0xfec10fff] (4KB) from e820 map
Mär 08 15:22:25 archlinux kernel: efi: Not removing mem313: MMIO range=[0xfec30000-0xfec30fff] (4KB) from e820 map
Mär 08 15:22:25 archlinux kernel: efi: Not removing mem314: MMIO range=[0xfed00000-0xfed00fff] (4KB) from e820 map
Mär 08 15:22:25 archlinux kernel: efi: Not removing mem315: MMIO range=[0xfed40000-0xfed44fff] (20KB) from e820 map
Mär 08 15:22:25 archlinux kernel: efi: Not removing mem316: MMIO range=[0xfed80000-0xfed8ffff] (64KB) from e820 map
Mär 08 15:22:25 archlinux kernel: efi: Not removing mem317: MMIO range=[0xfedc2000-0xfedcffff] (56KB) from e820 map
Mär 08 15:22:25 archlinux kernel: efi: Not removing mem318: MMIO range=[0xfedd4000-0xfedd5fff] (8KB) from e820 map
Mär 08 15:22:25 archlinux kernel: efi: Remove mem319: MMIO range=[0xff000000-0xffffffff] (16MB) from e820 map
Mär 08 15:22:25 archlinux kernel: e820: remove [mem 0xff000000-0xffffffff] reserved
Mär 08 15:22:25 archlinux kernel: SMBIOS 2.8 present.
Mär 08 15:22:25 archlinux kernel: DMI: Micro-Star International Co., Ltd. MS-7B89/B450M MORTAR MAX (MS-7B89), BIOS 2.M0 08/22/2024
Mär 08 15:22:25 archlinux kernel: DMI: Memory slots populated: 2/4
Mär 08 15:22:25 archlinux kernel: tsc: Fast TSC calibration using PIT
Mär 08 15:22:25 archlinux kernel: tsc: Detected 3599.735 MHz processor
Mär 08 15:22:25 archlinux kernel: e820: update [mem 0x00000000-0x00000fff] usable ==> reserved
Mär 08 15:22:25 archlinux kernel: e820: remove [mem 0x000a0000-0x000fffff] usable
Mär 08 15:22:25 archlinux kernel: last_pfn = 0x43f380 max_arch_pfn = 0x400000000
Mär 08 15:22:25 archlinux kernel: total RAM covered: 3071M
Mär 08 15:22:25 archlinux kernel: Found optimal setting for mtrr clean up
Mär 08 15:22:25 archlinux kernel:  gran_size: 64K         chunk_size: 64M         num_reg: 3          lose cover RAM: 0G
Mär 08 15:22:25 archlinux kernel: MTRR map: 8 entries (4 fixed + 4 variable; max 21), built from 9 variable MTRRs
Mär 08 15:22:25 archlinux kernel: x86/PAT: Configuration [0-7]: WB  WC  UC- UC  WB  WP  UC- WT  
Mär 08 15:22:25 archlinux kernel: e820: update [mem 0xbc980000-0xbc98ffff] usable ==> reserved
Mär 08 15:22:25 archlinux kernel: e820: update [mem 0xc0000000-0xffffffff] usable ==> reserved
Mär 08 15:22:25 archlinux kernel: last_pfn = 0xbf000 max_arch_pfn = 0x400000000
Mär 08 15:22:25 archlinux kernel: Using GB pages for direct mapping
Mär 08 15:22:25 archlinux kernel: Secure boot disabled
Mär 08 15:22:25 archlinux kernel: RAMDISK: [mem 0xaa32e000-0xb34aafff]
Mär 08 15:22:25 archlinux kernel: ACPI: Early table checksum verification disabled
Mär 08 15:22:25 archlinux kernel: ACPI: RSDP 0x00000000BCBE2014 000024 (v02 ALASKA)
Mär 08 15:22:25 archlinux kernel: ACPI: XSDT 0x00000000BCBE1728 0000C4 (v01 ALASKA A M I    01072009 AMI  01000013)
Mär 08 15:22:25 archlinux kernel: ACPI: FACP 0x00000000BB4F3000 000114 (v06 ALASKA A M I    01072009 AMI  00010013)
Mär 08 15:22:25 archlinux kernel: ACPI: DSDT 0x00000000BB4EC000 006F80 (v02 ALASKA A M I    01072009 INTL 20120913)
Mär 08 15:22:25 archlinux kernel: ACPI: FACS 0x00000000BCBDC000 000040
Mär 08 15:22:25 archlinux kernel: ACPI: SSDT 0x00000000BB4F9000 00092A (v02 AMD    AmdTable 00000002 MSFT 04000000)
Mär 08 15:22:25 archlinux kernel: ACPI: SSDT 0x00000000BB4F5000 003B86 (v02 AMD    AMD AOD  00000001 INTL 20120913)
Mär 08 15:22:25 archlinux kernel: ACPI: SSDT 0x00000000BB4F4000 0000C8 (v02 ALASKA CPUSSDT  01072009 AMI  01072009)
Mär 08 15:22:25 archlinux kernel: ACPI: FIDT 0x00000000BB4EB000 00009C (v01 ALASKA A M I    01072009 AMI  00010013)
Mär 08 15:22:25 archlinux kernel: ACPI: MCFG 0x00000000BB4EA000 00003C (v01 ALASKA A M I    01072009 MSFT 00010013)
Mär 08 15:22:25 archlinux kernel: ACPI: HPET 0x00000000BB4E9000 000038 (v01 ALASKA A M I    01072009 AMI  00000005)
Mär 08 15:22:25 archlinux kernel: ACPI: IVRS 0x00000000BB4E8000 0000D0 (v02 AMD    AmdTable 00000001 AMD  00000001)
Mär 08 15:22:25 archlinux kernel: ACPI: FPDT 0x00000000BB4E7000 000044 (v01 ALASKA A M I    01072009 AMI  01000013)
Mär 08 15:22:25 archlinux kernel: ACPI: TPM2 0x00000000BB4E6000 00004C (v04 ALASKA A M I    00000001 AMI  00000000)
Mär 08 15:22:25 archlinux kernel: ACPI: PCCT 0x00000000BB4E5000 00006E (v02 AMD    AmdTable 00000001 AMD  00000001)
Mär 08 15:22:25 archlinux kernel: ACPI: SSDT 0x00000000BB4E1000 003047 (v02 AMD    AmdTable 00000001 AMD  00000001)
Mär 08 15:22:25 archlinux kernel: ACPI: CRAT 0x00000000BB4E0000 000BD0 (v01 AMD    AmdTable 00000001 AMD  00000001)
Mär 08 15:22:25 archlinux kernel: ACPI: CDIT 0x00000000BB4DF000 000029 (v01 AMD    AmdTable 00000001 AMD  00000001)
Mär 08 15:22:25 archlinux kernel: ACPI: BGRT 0x00000000BB4DE000 000038 (v01 ALASKA A M I    01072009 AMI  00010013)
Mär 08 15:22:25 archlinux kernel: ACPI: SSDT 0x00000000BB4DA000 0037DC (v02 AMD    MYRTLE   00000001 INTL 20120913)
Mär 08 15:22:25 archlinux kernel: ACPI: SSDT 0x00000000BB4D9000 0000BF (v01 AMD    AmdTable 00001000 INTL 20120913)
Mär 08 15:22:25 archlinux kernel: ACPI: WSMT 0x00000000BB4D8000 000028 (v01 ALASKA A M I    01072009 AMI  00010013)
Mär 08 15:22:25 archlinux kernel: ACPI: APIC 0x00000000BB4D7000 00015E (v04 ALASKA A M I    01072009 AMI  00010013)
Mär 08 15:22:25 archlinux kernel: ACPI: SSDT 0x00000000BB4D5000 0010AF (v02 AMD    MYRTLE   00000001 INTL 20120913)
Mär 08 15:22:25 archlinux kernel: ACPI: Reserving FACP table memory at [mem 0xbb4f3000-0xbb4f3113]
Mär 08 15:22:25 archlinux kernel: ACPI: Reserving DSDT table memory at [mem 0xbb4ec000-0xbb4f2f7f]
Mär 08 15:22:25 archlinux kernel: ACPI: Reserving FACS table memory at [mem 0xbcbdc000-0xbcbdc03f]
Mär 08 15:22:25 archlinux kernel: ACPI: Reserving SSDT table memory at [mem 0xbb4f9000-0xbb4f9929]
Mär 08 15:22:25 archlinux kernel: ACPI: Reserving SSDT table memory at [mem 0xbb4f5000-0xbb4f8b85]
Mär 08 15:22:25 archlinux kernel: ACPI: Reserving SSDT table memory at [mem 0xbb4f4000-0xbb4f40c7]
Mär 08 15:22:25 archlinux kernel: ACPI: Reserving FIDT table memory at [mem 0xbb4eb000-0xbb4eb09b]
Mär 08 15:22:25 archlinux kernel: ACPI: Reserving MCFG table memory at [mem 0xbb4ea000-0xbb4ea03b]
Mär 08 15:22:25 archlinux kernel: ACPI: Reserving HPET table memory at [mem 0xbb4e9000-0xbb4e9037]
Mär 08 15:22:25 archlinux kernel: ACPI: Reserving IVRS table memory at [mem 0xbb4e8000-0xbb4e80cf]
Mär 08 15:22:25 archlinux kernel: ACPI: Reserving FPDT table memory at [mem 0xbb4e7000-0xbb4e7043]
Mär 08 15:22:25 archlinux kernel: ACPI: Reserving TPM2 table memory at [mem 0xbb4e6000-0xbb4e604b]
Mär 08 15:22:25 archlinux kernel: ACPI: Reserving PCCT table memory at [mem 0xbb4e5000-0xbb4e506d]
Mär 08 15:22:25 archlinux kernel: ACPI: Reserving SSDT table memory at [mem 0xbb4e1000-0xbb4e4046]
Mär 08 15:22:25 archlinux kernel: ACPI: Reserving CRAT table memory at [mem 0xbb4e0000-0xbb4e0bcf]
Mär 08 15:22:25 archlinux kernel: ACPI: Reserving CDIT table memory at [mem 0xbb4df000-0xbb4df028]
Mär 08 15:22:25 archlinux kernel: ACPI: Reserving BGRT table memory at [mem 0xbb4de000-0xbb4de037]
Mär 08 15:22:25 archlinux kernel: ACPI: Reserving SSDT table memory at [mem 0xbb4da000-0xbb4dd7db]
Mär 08 15:22:25 archlinux kernel: ACPI: Reserving SSDT table memory at [mem 0xbb4d9000-0xbb4d90be]
Mär 08 15:22:25 archlinux kernel: ACPI: Reserving WSMT table memory at [mem 0xbb4d8000-0xbb4d8027]
Mär 08 15:22:25 archlinux kernel: ACPI: Reserving APIC table memory at [mem 0xbb4d7000-0xbb4d715d]
Mär 08 15:22:25 archlinux kernel: ACPI: Reserving SSDT table memory at [mem 0xbb4d5000-0xbb4d60ae]
Mär 08 15:22:25 archlinux kernel: No NUMA configuration found
Mär 08 15:22:25 archlinux kernel: Faking a node at [mem 0x0000000000000000-0x000000043f37ffff]
Mär 08 15:22:25 archlinux kernel: NODE_DATA(0) allocated [mem 0x43f3552c0-0x43f37ffff]
Mär 08 15:22:25 archlinux kernel: Zone ranges:
Mär 08 15:22:25 archlinux kernel:   DMA      [mem 0x0000000000001000-0x0000000000ffffff]
Mär 08 15:22:25 archlinux kernel:   DMA32    [mem 0x0000000001000000-0x00000000ffffffff]
Mär 08 15:22:25 archlinux kernel:   Normal   [mem 0x0000000100000000-0x000000043f37ffff]
Mär 08 15:22:25 archlinux kernel:   Device   empty
Mär 08 15:22:25 archlinux kernel: Movable zone start for each node
Mär 08 15:22:25 archlinux kernel: Early memory node ranges
Mär 08 15:22:25 archlinux kernel:   node   0: [mem 0x0000000000001000-0x000000000009ffff]
Mär 08 15:22:25 archlinux kernel:   node   0: [mem 0x0000000000100000-0x0000000009d81fff]
Mär 08 15:22:25 archlinux kernel:   node   0: [mem 0x000000000a000000-0x000000000a1fffff]
Mär 08 15:22:25 archlinux kernel:   node   0: [mem 0x000000000a211000-0x000000000affffff]
Mär 08 15:22:25 archlinux kernel:   node   0: [mem 0x000000000b020000-0x00000000bb115fff]
Mär 08 15:22:25 archlinux kernel:   node   0: [mem 0x00000000bdbff000-0x00000000beffffff]
Mär 08 15:22:25 archlinux kernel:   node   0: [mem 0x0000000100000000-0x000000043f37ffff]
Mär 08 15:22:25 archlinux kernel: Initmem setup node 0 [mem 0x0000000000001000-0x000000043f37ffff]
Mär 08 15:22:25 archlinux kernel: On node 0, zone DMA: 1 pages in unavailable ranges
Mär 08 15:22:25 archlinux kernel: On node 0, zone DMA: 96 pages in unavailable ranges
Mär 08 15:22:25 archlinux kernel: On node 0, zone DMA32: 638 pages in unavailable ranges
Mär 08 15:22:25 archlinux kernel: On node 0, zone DMA32: 17 pages in unavailable ranges
Mär 08 15:22:25 archlinux kernel: On node 0, zone DMA32: 32 pages in unavailable ranges
Mär 08 15:22:25 archlinux kernel: On node 0, zone DMA32: 10985 pages in unavailable ranges
Mär 08 15:22:25 archlinux kernel: On node 0, zone Normal: 4096 pages in unavailable ranges
Mär 08 15:22:25 archlinux kernel: On node 0, zone Normal: 3200 pages in unavailable ranges
Mär 08 15:22:25 archlinux kernel: ACPI: PM-Timer IO Port: 0x808
Mär 08 15:22:25 archlinux kernel: CPU topo: Ignoring hot-pluggable APIC ID 0 in present package.
Mär 08 15:22:25 archlinux kernel: ACPI: LAPIC_NMI (acpi_id[0xff] high edge lint[0x1])
Mär 08 15:22:25 archlinux kernel: IOAPIC[0]: apic_id 13, version 33, address 0xfec00000, GSI 0-23
Mär 08 15:22:25 archlinux kernel: IOAPIC[1]: apic_id 14, version 33, address 0xfec01000, GSI 24-55
Mär 08 15:22:25 archlinux kernel: ACPI: INT_SRC_OVR (bus 0 bus_irq 0 global_irq 2 dfl dfl)
Mär 08 15:22:25 archlinux kernel: ACPI: INT_SRC_OVR (bus 0 bus_irq 9 global_irq 9 low level)
Mär 08 15:22:25 archlinux kernel: ACPI: Using ACPI (MADT) for SMP configuration information
Mär 08 15:22:25 archlinux kernel: ACPI: HPET id: 0x10228201 base: 0xfed00000
Mär 08 15:22:25 archlinux kernel: e820: update [mem 0xb715c000-0xb71b8fff] usable ==> reserved
Mär 08 15:22:25 archlinux kernel: CPU topo: Max. logical packages:   1
Mär 08 15:22:25 archlinux kernel: CPU topo: Max. logical dies:       1
Mär 08 15:22:25 archlinux kernel: CPU topo: Max. dies per package:   1
Mär 08 15:22:25 archlinux kernel: CPU topo: Max. threads per core:   2
Mär 08 15:22:25 archlinux kernel: CPU topo: Num. cores per package:     6
Mär 08 15:22:25 archlinux kernel: CPU topo: Num. threads per package:  12
Mär 08 15:22:25 archlinux kernel: CPU topo: Allowing 12 present CPUs plus 0 hotplug CPUs
Mär 08 15:22:25 archlinux kernel: CPU topo: Rejected CPUs 20
Mär 08 15:22:25 archlinux kernel: PM: hibernation: Registered nosave memory: [mem 0x00000000-0x00000fff]
Mär 08 15:22:25 archlinux kernel: PM: hibernation: Registered nosave memory: [mem 0x000a0000-0x000fffff]
Mär 08 15:22:25 archlinux kernel: PM: hibernation: Registered nosave memory: [mem 0x09d82000-0x09ffffff]
Mär 08 15:22:25 archlinux kernel: PM: hibernation: Registered nosave memory: [mem 0x0a200000-0x0a210fff]
Mär 08 15:22:25 archlinux kernel: PM: hibernation: Registered nosave memory: [mem 0x0b000000-0x0b01ffff]
Mär 08 15:22:25 archlinux kernel: PM: hibernation: Registered nosave memory: [mem 0xa930c000-0xa930cfff]
Mär 08 15:22:25 archlinux kernel: PM: hibernation: Registered nosave memory: [mem 0xa932d000-0xa932dfff]
Mär 08 15:22:25 archlinux kernel: PM: hibernation: Registered nosave memory: [mem 0xb701b000-0xb701bfff]
Mär 08 15:22:25 archlinux kernel: PM: hibernation: Registered nosave memory: [mem 0xb7029000-0xb7029fff]
Mär 08 15:22:25 archlinux kernel: PM: hibernation: Registered nosave memory: [mem 0xb715c000-0xb71b8fff]
Mär 08 15:22:25 archlinux kernel: PM: hibernation: Registered nosave memory: [mem 0xbb116000-0xbb495fff]
Mär 08 15:22:25 archlinux kernel: PM: hibernation: Registered nosave memory: [mem 0xbb496000-0xbb4f9fff]
Mär 08 15:22:25 archlinux kernel: PM: hibernation: Registered nosave memory: [mem 0xbb4fa000-0xbcbf8fff]
Mär 08 15:22:25 archlinux kernel: PM: hibernation: Registered nosave memory: [mem 0xbcbf9000-0xbdbfefff]
Mär 08 15:22:25 archlinux kernel: PM: hibernation: Registered nosave memory: [mem 0xbf000000-0xbfffffff]
Mär 08 15:22:25 archlinux kernel: PM: hibernation: Registered nosave memory: [mem 0xc0000000-0xfe9fffff]
Mär 08 15:22:25 archlinux kernel: PM: hibernation: Registered nosave memory: [mem 0xfea00000-0xfea0ffff]
Mär 08 15:22:25 archlinux kernel: PM: hibernation: Registered nosave memory: [mem 0xfea10000-0xfec0ffff]
Mär 08 15:22:25 archlinux kernel: PM: hibernation: Registered nosave memory: [mem 0xfec10000-0xfec10fff]
Mär 08 15:22:25 archlinux kernel: PM: hibernation: Registered nosave memory: [mem 0xfec11000-0xfec2ffff]
Mär 08 15:22:25 archlinux kernel: PM: hibernation: Registered nosave memory: [mem 0xfec30000-0xfec30fff]
Mär 08 15:22:25 archlinux kernel: PM: hibernation: Registered nosave memory: [mem 0xfec31000-0xfecfffff]
Mär 08 15:22:25 archlinux kernel: PM: hibernation: Registered nosave memory: [mem 0xfed00000-0xfed00fff]
Mär 08 15:22:25 archlinux kernel: PM: hibernation: Registered nosave memory: [mem 0xfed01000-0xfed3ffff]
Mär 08 15:22:25 archlinux kernel: PM: hibernation: Registered nosave memory: [mem 0xfed40000-0xfed44fff]
Mär 08 15:22:25 archlinux kernel: PM: hibernation: Registered nosave memory: [mem 0xfed45000-0xfed7ffff]
Mär 08 15:22:25 archlinux kernel: PM: hibernation: Registered nosave memory: [mem 0xfed80000-0xfed8ffff]
Mär 08 15:22:25 archlinux kernel: PM: hibernation: Registered nosave memory: [mem 0xfed90000-0xfedc1fff]
Mär 08 15:22:25 archlinux kernel: PM: hibernation: Registered nosave memory: [mem 0xfedc2000-0xfedcffff]
Mär 08 15:22:25 archlinux kernel: PM: hibernation: Registered nosave memory: [mem 0xfedd0000-0xfedd3fff]
Mär 08 15:22:25 archlinux kernel: PM: hibernation: Registered nosave memory: [mem 0xfedd4000-0xfedd5fff]
Mär 08 15:22:25 archlinux kernel: PM: hibernation: Registered nosave memory: [mem 0xfedd6000-0xffffffff]
Mär 08 15:22:25 archlinux kernel: [mem 0xc0000000-0xfe9fffff] available for PCI devices
Mär 08 15:22:25 archlinux kernel: Booting paravirtualized kernel on bare hardware
Mär 08 15:22:25 archlinux kernel: clocksource: refined-jiffies: mask: 0xffffffff max_cycles: 0xffffffff, max_idle_ns: 1910969940391419 ns
Mär 08 15:22:25 archlinux kernel: setup_percpu: NR_CPUS:8192 nr_cpumask_bits:12 nr_cpu_ids:12 nr_node_ids:1
Mär 08 15:22:25 archlinux kernel: percpu: Embedded 67 pages/cpu s237568 r8192 d28672 u524288
Mär 08 15:22:25 archlinux kernel: pcpu-alloc: s237568 r8192 d28672 u524288 alloc=1*2097152
Mär 08 15:22:25 archlinux kernel: pcpu-alloc: [0] 00 01 02 03 [0] 04 05 06 07 
Mär 08 15:22:25 archlinux kernel: pcpu-alloc: [0] 08 09 10 11 
Mär 08 15:22:25 archlinux kernel: Kernel command line: BOOT_IMAGE=/vmlinuz-linux root=UUID=6b146679-002f-4327-8a18-014c0a1c8a8d rw loglevel=3 nvidia_drm.modeset=1 nvidia_drm.fbdev=1 nvidia.NVreg_EnableGpuFirmware=0 nvidia.Nvreg_PreserveVideoMemoryAllocations=1 pcie_aspm=off
Mär 08 15:22:25 archlinux kernel: PCIe ASPM is disabled
Mär 08 15:22:25 archlinux kernel: Unknown kernel command line parameters "BOOT_IMAGE=/vmlinuz-linux", will be passed to user space.
Mär 08 15:22:25 archlinux kernel: printk: log buffer data + meta data: 131072 + 458752 = 589824 bytes
Mär 08 15:22:25 archlinux kernel: Dentry cache hash table entries: 2097152 (order: 12, 16777216 bytes, linear)
Mär 08 15:22:25 archlinux kernel: Inode-cache hash table entries: 1048576 (order: 11, 8388608 bytes, linear)
Mär 08 15:22:25 archlinux kernel: Fallback order for Node 0: 0 
Mär 08 15:22:25 archlinux kernel: Built 1 zonelists, mobility grouping on.  Total pages: 4175239
Mär 08 15:22:25 archlinux kernel: Policy zone: Normal
Mär 08 15:22:25 archlinux kernel: mem auto-init: stack:all(zero), heap alloc:on, heap free:off
Mär 08 15:22:25 archlinux kernel: software IO TLB: area num 16.
Mär 08 15:22:25 archlinux kernel: SLUB: HWalign=64, Order=0-3, MinObjects=0, CPUs=12, Nodes=1
Mär 08 15:22:25 archlinux kernel: ftrace: allocating 51698 entries in 202 pages
Mär 08 15:22:25 archlinux kernel: ftrace: allocated 202 pages with 4 groups
Mär 08 15:22:25 archlinux kernel: Dynamic Preempt: full
Mär 08 15:22:25 archlinux kernel: rcu: Preemptible hierarchical RCU implementation.
Mär 08 15:22:25 archlinux kernel: rcu:         RCU restricting CPUs from NR_CPUS=8192 to nr_cpu_ids=12.
Mär 08 15:22:25 archlinux kernel: rcu:         RCU priority boosting: priority 1 delay 500 ms.
Mär 08 15:22:25 archlinux kernel:         Trampoline variant of Tasks RCU enabled.
Mär 08 15:22:25 archlinux kernel:         Rude variant of Tasks RCU enabled.
Mär 08 15:22:25 archlinux kernel:         Tracing variant of Tasks RCU enabled.
Mär 08 15:22:25 archlinux kernel: rcu: RCU calculated value of scheduler-enlistment delay is 100 jiffies.
Mär 08 15:22:25 archlinux kernel: rcu: Adjusting geometry for rcu_fanout_leaf=16, nr_cpu_ids=12
Mär 08 15:22:25 archlinux kernel: RCU Tasks: Setting shift to 4 and lim to 1 rcu_task_cb_adjust=1 rcu_task_cpu_ids=12.
Mär 08 15:22:25 archlinux kernel: RCU Tasks Rude: Setting shift to 4 and lim to 1 rcu_task_cb_adjust=1 rcu_task_cpu_ids=12.
Mär 08 15:22:25 archlinux kernel: RCU Tasks Trace: Setting shift to 4 and lim to 1 rcu_task_cb_adjust=1 rcu_task_cpu_ids=12.
Mär 08 15:22:25 archlinux kernel: NR_IRQS: 524544, nr_irqs: 1064, preallocated irqs: 16
Mär 08 15:22:25 archlinux kernel: rcu: srcu_init: Setting srcu_struct sizes based on contention.
Mär 08 15:22:25 archlinux kernel: kfence: initialized - using 2097152 bytes for 255 objects at 0x(____ptrval____)-0x(____ptrval____)
Mär 08 15:22:25 archlinux kernel: Console: colour dummy device 80x25
Mär 08 15:22:25 archlinux kernel: printk: legacy console [tty0] enabled
Mär 08 15:22:25 archlinux kernel: ACPI: Core revision 20240827
Mär 08 15:22:25 archlinux kernel: clocksource: hpet: mask: 0xffffffff max_cycles: 0xffffffff, max_idle_ns: 133484873504 ns
Mär 08 15:22:25 archlinux kernel: APIC: Switch to symmetric I/O mode setup
Mär 08 15:22:25 archlinux kernel: AMD-Vi: Using global IVHD EFR:0x0, EFR2:0x0
Mär 08 15:22:25 archlinux kernel: x2apic: IRQ remapping doesn't support X2APIC mode
Mär 08 15:22:25 archlinux kernel: ..TIMER: vector=0x30 apic1=0 pin1=2 apic2=-1 pin2=-1
Mär 08 15:22:25 archlinux kernel: clocksource: tsc-early: mask: 0xffffffffffffffff max_cycles: 0x33e3592f25d, max_idle_ns: 440795376365 ns
Mär 08 15:22:25 archlinux kernel: Calibrating delay loop (skipped), value calculated using timer frequency.. 7199.47 BogoMIPS (lpj=3599735)
Mär 08 15:22:25 archlinux kernel: x86/cpu: User Mode Instruction Prevention (UMIP) activated
Mär 08 15:22:25 archlinux kernel: LVT offset 1 assigned for vector 0xf9
Mär 08 15:22:25 archlinux kernel: LVT offset 2 assigned for vector 0xf4
Mär 08 15:22:25 archlinux kernel: Last level iTLB entries: 4KB 1024, 2MB 1024, 4MB 512
Mär 08 15:22:25 archlinux kernel: Last level dTLB entries: 4KB 2048, 2MB 2048, 4MB 1024, 1GB 0
Mär 08 15:22:25 archlinux kernel: process: using mwait in idle threads
Mär 08 15:22:25 archlinux kernel: Spectre V1 : Mitigation: usercopy/swapgs barriers and __user pointer sanitization
Mär 08 15:22:25 archlinux kernel: Spectre V2 : Mitigation: Retpolines
Mär 08 15:22:25 archlinux kernel: Spectre V2 : Spectre v2 / SpectreRSB mitigation: Filling RSB on context switch
Mär 08 15:22:25 archlinux kernel: Spectre V2 : Spectre v2 / SpectreRSB : Filling RSB on VMEXIT
Mär 08 15:22:25 archlinux kernel: Spectre V2 : Enabling Speculation Barrier for firmware calls
Mär 08 15:22:25 archlinux kernel: RETBleed: Mitigation: untrained return thunk
Mär 08 15:22:25 archlinux kernel: Spectre V2 : mitigation: Enabling conditional Indirect Branch Prediction Barrier
Mär 08 15:22:25 archlinux kernel: Spectre V2 : Selecting STIBP always-on mode to complement retbleed mitigation
Mär 08 15:22:25 archlinux kernel: Spectre V2 : User space: Mitigation: STIBP always-on protection
Mär 08 15:22:25 archlinux kernel: Speculative Store Bypass: Mitigation: Speculative Store Bypass disabled via prctl
Mär 08 15:22:25 archlinux kernel: Speculative Return Stack Overflow: Mitigation: Safe RET
Mär 08 15:22:25 archlinux kernel: x86/fpu: Supporting XSAVE feature 0x001: 'x87 floating point registers'
Mär 08 15:22:25 archlinux kernel: x86/fpu: Supporting XSAVE feature 0x002: 'SSE registers'
Mär 08 15:22:25 archlinux kernel: x86/fpu: Supporting XSAVE feature 0x004: 'AVX registers'
Mär 08 15:22:25 archlinux kernel: x86/fpu: xstate_offset[2]:  576, xstate_sizes[2]:  256
Mär 08 15:22:25 archlinux kernel: x86/fpu: Enabled xstate features 0x7, context size is 832 bytes, using 'compacted' format.
Mär 08 15:22:25 archlinux kernel: Freeing SMP alternatives memory: 40K
Mär 08 15:22:25 archlinux kernel: pid_max: default: 32768 minimum: 301
Mär 08 15:22:25 archlinux kernel: LSM: initializing lsm=capability,landlock,lockdown,yama,bpf
Mär 08 15:22:25 archlinux kernel: landlock: Up and running.
Mär 08 15:22:25 archlinux kernel: Yama: becoming mindful.
Mär 08 15:22:25 archlinux kernel: LSM support for eBPF active
Mär 08 15:22:25 archlinux kernel: Mount-cache hash table entries: 32768 (order: 6, 262144 bytes, linear)
Mär 08 15:22:25 archlinux kernel: Mountpoint-cache hash table entries: 32768 (order: 6, 262144 bytes, linear)
Mär 08 15:22:25 archlinux kernel: smpboot: CPU0: AMD Ryzen 5 3600 6-Core Processor (family: 0x17, model: 0x71, stepping: 0x0)
Mär 08 15:22:25 archlinux kernel: Performance Events: Fam17h+ core perfctr, AMD PMU driver.
Mär 08 15:22:25 archlinux kernel: ... version:                0
Mär 08 15:22:25 archlinux kernel: ... bit width:              48
Mär 08 15:22:25 archlinux kernel: ... generic registers:      6
Mär 08 15:22:25 archlinux kernel: ... value mask:             0000ffffffffffff
Mär 08 15:22:25 archlinux kernel: ... max period:             00007fffffffffff
Mär 08 15:22:25 archlinux kernel: ... fixed-purpose events:   0
Mär 08 15:22:25 archlinux kernel: ... event mask:             000000000000003f
Mär 08 15:22:25 archlinux kernel: signal: max sigframe size: 1776
Mär 08 15:22:25 archlinux kernel: rcu: Hierarchical SRCU implementation.
Mär 08 15:22:25 archlinux kernel: rcu:         Max phase no-delay instances is 400.
Mär 08 15:22:25 archlinux kernel: Timer migration: 2 hierarchy levels; 8 children per group; 2 crossnode level
Mär 08 15:22:25 archlinux kernel: MCE: In-kernel MCE decoding enabled.
Mär 08 15:22:25 archlinux kernel: NMI watchdog: Enabled. Permanently consumes one hw-PMU counter.
Mär 08 15:22:25 archlinux kernel: smp: Bringing up secondary CPUs ...
Mär 08 15:22:25 archlinux kernel: smpboot: x86: Booting SMP configuration:
Mär 08 15:22:25 archlinux kernel: .... node  #0, CPUs:        #1  #2  #3  #4  #5  #6  #7  #8  #9 #10 #11
Mär 08 15:22:25 archlinux kernel: Spectre V2 : Update user space SMT mitigation: STIBP always-on
Mär 08 15:22:25 archlinux kernel: smp: Brought up 1 node, 12 CPUs
Mär 08 15:22:25 archlinux kernel: smpboot: Total of 12 processors activated (86393.64 BogoMIPS)
Mär 08 15:22:25 archlinux kernel: Memory: 16120468K/16700956K available (18432K kernel code, 2693K rwdata, 15160K rodata, 4320K init, 3876K bss, 560332K reserved, 0K cma-reserved)
Mär 08 15:22:25 archlinux kernel: devtmpfs: initialized
Mär 08 15:22:25 archlinux kernel: x86/mm: Memory block size: 128MB
Mär 08 15:22:25 archlinux kernel: ACPI: PM: Registering ACPI NVS region [mem 0x0a200000-0x0a210fff] (69632 bytes)
Mär 08 15:22:25 archlinux kernel: ACPI: PM: Registering ACPI NVS region [mem 0xbb4fa000-0xbcbf8fff] (24113152 bytes)
Mär 08 15:22:25 archlinux kernel: clocksource: jiffies: mask: 0xffffffff max_cycles: 0xffffffff, max_idle_ns: 1911260446275000 ns
Mär 08 15:22:25 archlinux kernel: futex hash table entries: 4096 (order: 6, 262144 bytes, linear)
Mär 08 15:22:25 archlinux kernel: pinctrl core: initialized pinctrl subsystem
Mär 08 15:22:25 archlinux kernel: PM: RTC time: 14:22:20, date: 2025-03-08
Mär 08 15:22:25 archlinux kernel: NET: Registered PF_NETLINK/PF_ROUTE protocol family
Mär 08 15:22:25 archlinux kernel: DMA: preallocated 2048 KiB GFP_KERNEL pool for atomic allocations
Mär 08 15:22:25 archlinux kernel: DMA: preallocated 2048 KiB GFP_KERNEL|GFP_DMA pool for atomic allocations
Mär 08 15:22:25 archlinux kernel: DMA: preallocated 2048 KiB GFP_KERNEL|GFP_DMA32 pool for atomic allocations
Mär 08 15:22:25 archlinux kernel: audit: initializing netlink subsys (disabled)
Mär 08 15:22:25 archlinux kernel: audit: type=2000 audit(1741443740.167:1): state=initialized audit_enabled=0 res=1
Mär 08 15:22:25 archlinux kernel: thermal_sys: Registered thermal governor 'fair_share'
Mär 08 15:22:25 archlinux kernel: thermal_sys: Registered thermal governor 'bang_bang'
Mär 08 15:22:25 archlinux kernel: thermal_sys: Registered thermal governor 'step_wise'
Mär 08 15:22:25 archlinux kernel: thermal_sys: Registered thermal governor 'user_space'
Mär 08 15:22:25 archlinux kernel: thermal_sys: Registered thermal governor 'power_allocator'
Mär 08 15:22:25 archlinux kernel: cpuidle: using governor ladder
Mär 08 15:22:25 archlinux kernel: cpuidle: using governor menu
Mär 08 15:22:25 archlinux kernel: Detected 1 PCC Subspaces
Mär 08 15:22:25 archlinux kernel: Registering PCC driver as Mailbox controller
Mär 08 15:22:25 archlinux kernel: acpiphp: ACPI Hot Plug PCI Controller Driver version: 0.5
Mär 08 15:22:25 archlinux kernel: PCI: ECAM [mem 0xf0000000-0xf7ffffff] (base 0xf0000000) for domain 0000 [bus 00-7f]
Mär 08 15:22:25 archlinux kernel: PCI: Using configuration type 1 for base access
Mär 08 15:22:25 archlinux kernel: kprobes: kprobe jump-optimization is enabled. All kprobes are optimized if possible.
Mär 08 15:22:25 archlinux kernel: HugeTLB: registered 1.00 GiB page size, pre-allocated 0 pages
Mär 08 15:22:25 archlinux kernel: HugeTLB: 16380 KiB vmemmap can be freed for a 1.00 GiB page
Mär 08 15:22:25 archlinux kernel: HugeTLB: registered 2.00 MiB page size, pre-allocated 0 pages
Mär 08 15:22:25 archlinux kernel: HugeTLB: 28 KiB vmemmap can be freed for a 2.00 MiB page
Mär 08 15:22:25 archlinux kernel: ACPI: Added _OSI(Module Device)
Mär 08 15:22:25 archlinux kernel: ACPI: Added _OSI(Processor Device)
Mär 08 15:22:25 archlinux kernel: ACPI: Added _OSI(3.0 _SCP Extensions)
Mär 08 15:22:25 archlinux kernel: ACPI: Added _OSI(Processor Aggregator Device)
Mär 08 15:22:25 archlinux kernel: ACPI: 8 ACPI AML tables successfully acquired and loaded
Mär 08 15:22:25 archlinux kernel: ACPI: [Firmware Bug]: BIOS _OSI(Linux) query ignored
Mär 08 15:22:25 archlinux kernel: ACPI: Interpreter enabled
Mär 08 15:22:25 archlinux kernel: ACPI: PM: (supports S0 S3 S4 S5)
Mär 08 15:22:25 archlinux kernel: ACPI: Using IOAPIC for interrupt routing
Mär 08 15:22:25 archlinux kernel: PCI: Using host bridge windows from ACPI; if necessary, use "pci=nocrs" and report a bug
Mär 08 15:22:25 archlinux kernel: PCI: Ignoring E820 reservations for host bridge windows
Mär 08 15:22:25 archlinux kernel: ACPI: Enabled 3 GPEs in block 00 to 1F
Mär 08 15:22:25 archlinux kernel: ACPI: PCI Root Bridge [PCI0] (domain 0000 [bus 00-ff])
Mär 08 15:22:25 archlinux kernel: acpi PNP0A08:00: _OSC: OS supports [ExtendedConfig Segments MSI EDR HPX-Type3]
Mär 08 15:22:25 archlinux kernel: acpi PNP0A08:00: _OSC: not requesting OS control; OS requires [ExtendedConfig ASPM ClockPM MSI]
Mär 08 15:22:25 archlinux kernel: acpi PNP0A08:00: [Firmware Info]: ECAM [mem 0xf0000000-0xf7ffffff] for domain 0000 [bus 00-7f] only partially covers this bridge
Mär 08 15:22:25 archlinux kernel: PCI host bridge to bus 0000:00
Mär 08 15:22:25 archlinux kernel: pci_bus 0000:00: root bus resource [io  0x0000-0x03af window]
Mär 08 15:22:25 archlinux kernel: pci_bus 0000:00: root bus resource [io  0x03e0-0x0cf7 window]
Mär 08 15:22:25 archlinux kernel: pci_bus 0000:00: root bus resource [io  0x03b0-0x03df window]
Mär 08 15:22:25 archlinux kernel: pci_bus 0000:00: root bus resource [io  0x0d00-0xffff window]
Mär 08 15:22:25 archlinux kernel: pci_bus 0000:00: root bus resource [mem 0x000a0000-0x000dffff window]
Mär 08 15:22:25 archlinux kernel: pci_bus 0000:00: root bus resource [mem 0xc0000000-0xfcffffff window]
Mär 08 15:22:25 archlinux kernel: pci_bus 0000:00: root bus resource [mem 0x440000000-0x7fffffffff window]
Mär 08 15:22:25 archlinux kernel: pci_bus 0000:00: root bus resource [bus 00-ff]
Mär 08 15:22:25 archlinux kernel: pci 0000:00:00.0: [1022:1480] type 00 class 0x060000 conventional PCI endpoint
Mär 08 15:22:25 archlinux kernel: pci 0000:00:00.2: [1022:1481] type 00 class 0x080600 conventional PCI endpoint
Mär 08 15:22:25 archlinux kernel: pci 0000:00:01.0: [1022:1482] type 00 class 0x060000 conventional PCI endpoint
Mär 08 15:22:25 archlinux kernel: pci 0000:00:01.1: [1022:1483] type 01 class 0x060400 PCIe Root Port
Mär 08 15:22:25 archlinux kernel: pci 0000:00:01.1: PCI bridge to [bus 01]
Mär 08 15:22:25 archlinux kernel: pci 0000:00:01.1:   bridge window [mem 0xfc800000-0xfc8fffff]
Mär 08 15:22:25 archlinux kernel: pci 0000:00:01.1: PME# supported from D0 D3hot D3cold
Mär 08 15:22:25 archlinux kernel: pci 0000:00:01.3: [1022:1483] type 01 class 0x060400 PCIe Root Port
Mär 08 15:22:25 archlinux kernel: pci 0000:00:01.3: PCI bridge to [bus 03-26]
Mär 08 15:22:25 archlinux kernel: pci 0000:00:01.3:   bridge window [io  0xd000-0xefff]
Mär 08 15:22:25 archlinux kernel: pci 0000:00:01.3:   bridge window [mem 0xfc500000-0xfc7fffff]
Mär 08 15:22:25 archlinux kernel: pci 0000:00:01.3: PME# supported from D0 D3hot D3cold
Mär 08 15:22:25 archlinux kernel: pci 0000:00:02.0: [1022:1482] type 00 class 0x060000 conventional PCI endpoint
Mär 08 15:22:25 archlinux kernel: pci 0000:00:03.0: [1022:1482] type 00 class 0x060000 conventional PCI endpoint
Mär 08 15:22:25 archlinux kernel: pci 0000:00:03.1: [1022:1483] type 01 class 0x060400 PCIe Root Port
Mär 08 15:22:25 archlinux kernel: pci 0000:00:03.1: PCI bridge to [bus 27]
Mär 08 15:22:25 archlinux kernel: pci 0000:00:03.1:   bridge window [io  0xf000-0xffff]
Mär 08 15:22:25 archlinux kernel: pci 0000:00:03.1:   bridge window [mem 0xfb000000-0xfc0fffff]
Mär 08 15:22:25 archlinux kernel: pci 0000:00:03.1:   bridge window [mem 0x7fe0000000-0x7ff1ffffff 64bit pref]
Mär 08 15:22:25 archlinux kernel: pci 0000:00:03.1: PME# supported from D0 D3hot D3cold
Mär 08 15:22:25 archlinux kernel: pci 0000:00:04.0: [1022:1482] type 00 class 0x060000 conventional PCI endpoint
Mär 08 15:22:25 archlinux kernel: pci 0000:00:05.0: [1022:1482] type 00 class 0x060000 conventional PCI endpoint
Mär 08 15:22:25 archlinux kernel: pci 0000:00:07.0: [1022:1482] type 00 class 0x060000 conventional PCI endpoint
Mär 08 15:22:25 archlinux kernel: pci 0000:00:07.1: [1022:1484] type 01 class 0x060400 PCIe Root Port
Mär 08 15:22:25 archlinux kernel: pci 0000:00:07.1: PCI bridge to [bus 28]
Mär 08 15:22:25 archlinux kernel: pci 0000:00:07.1: PME# supported from D0 D3hot D3cold
Mär 08 15:22:25 archlinux kernel: pci 0000:00:08.0: [1022:1482] type 00 class 0x060000 conventional PCI endpoint
Mär 08 15:22:25 archlinux kernel: pci 0000:00:08.1: [1022:1484] type 01 class 0x060400 PCIe Root Port
Mär 08 15:22:25 archlinux kernel: pci 0000:00:08.1: PCI bridge to [bus 29]
Mär 08 15:22:25 archlinux kernel: pci 0000:00:08.1:   bridge window [mem 0xfc200000-0xfc4fffff]
Mär 08 15:22:25 archlinux kernel: pci 0000:00:08.1: PME# supported from D0 D3hot D3cold
Mär 08 15:22:25 archlinux kernel: pci 0000:00:14.0: [1022:790b] type 00 class 0x0c0500 conventional PCI endpoint
Mär 08 15:22:25 archlinux kernel: pci 0000:00:14.3: [1022:790e] type 00 class 0x060100 conventional PCI endpoint
Mär 08 15:22:25 archlinux kernel: pci 0000:00:18.0: [1022:1440] type 00 class 0x060000 conventional PCI endpoint
Mär 08 15:22:25 archlinux kernel: pci 0000:00:18.1: [1022:1441] type 00 class 0x060000 conventional PCI endpoint
Mär 08 15:22:25 archlinux kernel: pci 0000:00:18.2: [1022:1442] type 00 class 0x060000 conventional PCI endpoint
Mär 08 15:22:25 archlinux kernel: pci 0000:00:18.3: [1022:1443] type 00 class 0x060000 conventional PCI endpoint
Mär 08 15:22:25 archlinux kernel: pci 0000:00:18.4: [1022:1444] type 00 class 0x060000 conventional PCI endpoint
Mär 08 15:22:25 archlinux kernel: pci 0000:00:18.5: [1022:1445] type 00 class 0x060000 conventional PCI endpoint
Mär 08 15:22:25 archlinux kernel: pci 0000:00:18.6: [1022:1446] type 00 class 0x060000 conventional PCI endpoint
Mär 08 15:22:25 archlinux kernel: pci 0000:00:18.7: [1022:1447] type 00 class 0x060000 conventional PCI endpoint
Mär 08 15:22:25 archlinux kernel: pci 0000:01:00.0: [15b7:5009] type 00 class 0x010802 PCIe Endpoint
Mär 08 15:22:25 archlinux kernel: pci 0000:01:00.0: BAR 0 [mem 0xfc800000-0xfc803fff 64bit]
Mär 08 15:22:25 archlinux kernel: pci 0000:01:00.0: BAR 4 [mem 0xfc804000-0xfc8040ff 64bit]
Mär 08 15:22:25 archlinux kernel: pci 0000:00:01.1: PCI bridge to [bus 01]
Mär 08 15:22:25 archlinux kernel: pci 0000:03:00.0: [1022:43d5] type 00 class 0x0c0330 PCIe Legacy Endpoint
Mär 08 15:22:25 archlinux kernel: pci 0000:03:00.0: BAR 0 [mem 0xfc7a0000-0xfc7a7fff 64bit]
Mär 08 15:22:25 archlinux kernel: pci 0000:03:00.0: PME# supported from D3hot D3cold
Mär 08 15:22:25 archlinux kernel: pci 0000:03:00.1: [1022:43c8] type 00 class 0x010601 PCIe Legacy Endpoint
Mär 08 15:22:25 archlinux kernel: pci 0000:03:00.1: BAR 5 [mem 0xfc780000-0xfc79ffff]
Mär 08 15:22:25 archlinux kernel: pci 0000:03:00.1: ROM [mem 0xfc700000-0xfc77ffff pref]
Mär 08 15:22:25 archlinux kernel: pci 0000:03:00.1: PME# supported from D3hot D3cold
Mär 08 15:22:25 archlinux kernel: pci 0000:03:00.2: [1022:43c6] type 01 class 0x060400 PCIe Switch Upstream Port
Mär 08 15:22:25 archlinux kernel: pci 0000:03:00.2: PCI bridge to [bus 20-26]
Mär 08 15:22:25 archlinux kernel: pci 0000:03:00.2:   bridge window [io  0xd000-0xefff]
Mär 08 15:22:25 archlinux kernel: pci 0000:03:00.2:   bridge window [mem 0xfc500000-0xfc6fffff]
Mär 08 15:22:25 archlinux kernel: pci 0000:03:00.2: PME# supported from D3hot D3cold
Mär 08 15:22:25 archlinux kernel: pci 0000:00:01.3: PCI bridge to [bus 03-26]
Mär 08 15:22:25 archlinux kernel: pci 0000:20:00.0: [1022:43c7] type 01 class 0x060400 PCIe Switch Downstream Port
Mär 08 15:22:25 archlinux kernel: pci 0000:20:00.0: PCI bridge to [bus 21]
Mär 08 15:22:25 archlinux kernel: pci 0000:20:00.0: enabling Extended Tags
Mär 08 15:22:25 archlinux kernel: pci 0000:20:00.0: PME# supported from D3hot D3cold
Mär 08 15:22:25 archlinux kernel: pci 0000:20:01.0: [1022:43c7] type 01 class 0x060400 PCIe Switch Downstream Port
Mär 08 15:22:25 archlinux kernel: pci 0000:20:01.0: PCI bridge to [bus 22]
Mär 08 15:22:25 archlinux kernel: pci 0000:20:01.0:   bridge window [io  0xe000-0xefff]
Mär 08 15:22:25 archlinux kernel: pci 0000:20:01.0:   bridge window [mem 0xfc600000-0xfc6fffff]
Mär 08 15:22:25 archlinux kernel: pci 0000:20:01.0: PME# supported from D3hot D3cold
Mär 08 15:22:25 archlinux kernel: pci 0000:20:04.0: [1022:43c7] type 01 class 0x060400 PCIe Switch Downstream Port
Mär 08 15:22:25 archlinux kernel: pci 0000:20:04.0: PCI bridge to [bus 25-26]
Mär 08 15:22:25 archlinux kernel: pci 0000:20:04.0:   bridge window [io  0xd000-0xdfff]
Mär 08 15:22:25 archlinux kernel: pci 0000:20:04.0:   bridge window [mem 0xfc500000-0xfc5fffff]
Mär 08 15:22:25 archlinux kernel: pci 0000:20:04.0: PME# supported from D3hot D3cold
Mär 08 15:22:25 archlinux kernel: pci 0000:03:00.2: PCI bridge to [bus 20-26]
Mär 08 15:22:25 archlinux kernel: pci 0000:20:00.0: PCI bridge to [bus 21]
Mär 08 15:22:25 archlinux kernel: pci 0000:22:00.0: [10ec:8168] type 00 class 0x020000 PCIe Endpoint
Mär 08 15:22:25 archlinux kernel: pci 0000:22:00.0: BAR 0 [io  0xe000-0xe0ff]
Mär 08 15:22:25 archlinux kernel: pci 0000:22:00.0: BAR 2 [mem 0xfc604000-0xfc604fff 64bit]
Mär 08 15:22:25 archlinux kernel: pci 0000:22:00.0: BAR 4 [mem 0xfc600000-0xfc603fff 64bit]
Mär 08 15:22:25 archlinux kernel: pci 0000:22:00.0: supports D1 D2
Mär 08 15:22:25 archlinux kernel: pci 0000:22:00.0: PME# supported from D0 D1 D2 D3hot D3cold
Mär 08 15:22:25 archlinux kernel: pci 0000:20:01.0: PCI bridge to [bus 22]
Mär 08 15:22:25 archlinux kernel: pci 0000:25:00.0: [1b21:1080] type 01 class 0x060400 PCIe to PCI/PCI-X bridge
Mär 08 15:22:25 archlinux kernel: pci 0000:25:00.0: PCI bridge to [bus 26]
Mär 08 15:22:25 archlinux kernel: pci 0000:25:00.0:   bridge window [io  0xd000-0xdfff]
Mär 08 15:22:25 archlinux kernel: pci 0000:25:00.0:   bridge window [mem 0xfc500000-0xfc5fffff]
Mär 08 15:22:25 archlinux kernel: pci 0000:25:00.0: supports D1 D2
Mär 08 15:22:25 archlinux kernel: pci 0000:25:00.0: PME# supported from D0 D1 D2 D3hot D3cold
Mär 08 15:22:25 archlinux kernel: pci 0000:20:04.0: PCI bridge to [bus 25-26]
Mär 08 15:22:25 archlinux kernel: pci_bus 0000:26: extended config space not accessible
Mär 08 15:22:25 archlinux kernel: pci 0000:26:00.0: [1106:3044] type 00 class 0x0c0010 conventional PCI endpoint
Mär 08 15:22:25 archlinux kernel: pci 0000:26:00.0: BAR 0 [mem 0xfc500000-0xfc5007ff]
Mär 08 15:22:25 archlinux kernel: pci 0000:26:00.0: BAR 1 [io  0xd000-0xd07f]
Mär 08 15:22:25 archlinux kernel: pci 0000:26:00.0: supports D2
Mär 08 15:22:25 archlinux kernel: pci 0000:26:00.0: PME# supported from D2 D3hot D3cold
Mär 08 15:22:25 archlinux kernel: pci 0000:25:00.0: PCI bridge to [bus 26]
Mär 08 15:22:25 archlinux kernel: pci 0000:27:00.0: [10de:13c2] type 00 class 0x030000 PCIe Legacy Endpoint
Mär 08 15:22:25 archlinux kernel: pci 0000:27:00.0: BAR 0 [mem 0xfb000000-0xfbffffff]
Mär 08 15:22:25 archlinux kernel: pci 0000:27:00.0: BAR 1 [mem 0x7fe0000000-0x7fefffffff 64bit pref]
Mär 08 15:22:25 archlinux kernel: pci 0000:27:00.0: BAR 3 [mem 0x7ff0000000-0x7ff1ffffff 64bit pref]
Mär 08 15:22:25 archlinux kernel: pci 0000:27:00.0: BAR 5 [io  0xf000-0xf07f]
Mär 08 15:22:25 archlinux kernel: pci 0000:27:00.0: ROM [mem 0xfc000000-0xfc07ffff pref]
Mär 08 15:22:25 archlinux kernel: pci 0000:27:00.0: 32.000 Gb/s available PCIe bandwidth, limited by 2.5 GT/s PCIe x16 link at 0000:00:03.1 (capable of 126.016 Gb/s with 8.0 GT/s PCIe x16 link)
Mär 08 15:22:25 archlinux kernel: pci 0000:27:00.1: [10de:0fbb] type 00 class 0x040300 PCIe Endpoint
Mär 08 15:22:25 archlinux kernel: pci 0000:27:00.1: BAR 0 [mem 0xfc080000-0xfc083fff]
Mär 08 15:22:25 archlinux kernel: pci 0000:00:03.1: PCI bridge to [bus 27]
Mär 08 15:22:25 archlinux kernel: pci 0000:28:00.0: [1022:148a] type 00 class 0x130000 PCIe Endpoint
Mär 08 15:22:25 archlinux kernel: pci 0000:00:07.1: PCI bridge to [bus 28]
Mär 08 15:22:25 archlinux kernel: pci 0000:29:00.0: [1022:1485] type 00 class 0x130000 PCIe Endpoint
Mär 08 15:22:25 archlinux kernel: pci 0000:29:00.1: [1022:1486] type 00 class 0x108000 PCIe Endpoint
Mär 08 15:22:25 archlinux kernel: pci 0000:29:00.1: BAR 2 [mem 0xfc300000-0xfc3fffff]
Mär 08 15:22:25 archlinux kernel: pci 0000:29:00.1: BAR 5 [mem 0xfc408000-0xfc409fff]
Mär 08 15:22:25 archlinux kernel: pci 0000:29:00.3: [1022:149c] type 00 class 0x0c0330 PCIe Endpoint
Mär 08 15:22:25 archlinux kernel: pci 0000:29:00.3: BAR 0 [mem 0xfc200000-0xfc2fffff 64bit]
Mär 08 15:22:25 archlinux kernel: pci 0000:29:00.3: PME# supported from D0 D3hot D3cold
Mär 08 15:22:25 archlinux kernel: pci 0000:29:00.4: [1022:1487] type 00 class 0x040300 PCIe Endpoint
Mär 08 15:22:25 archlinux kernel: pci 0000:29:00.4: BAR 0 [mem 0xfc400000-0xfc407fff]
Mär 08 15:22:25 archlinux kernel: pci 0000:29:00.4: PME# supported from D0 D3hot D3cold
Mär 08 15:22:25 archlinux kernel: pci 0000:00:08.1: PCI bridge to [bus 29]
Mär 08 15:22:25 archlinux kernel: ACPI: PCI: Interrupt link LNKA configured for IRQ 0
Mär 08 15:22:25 archlinux kernel: ACPI: PCI: Interrupt link LNKB configured for IRQ 0
Mär 08 15:22:25 archlinux kernel: ACPI: PCI: Interrupt link LNKC configured for IRQ 0
Mär 08 15:22:25 archlinux kernel: ACPI: PCI: Interrupt link LNKD configured for IRQ 0
Mär 08 15:22:25 archlinux kernel: ACPI: PCI: Interrupt link LNKE configured for IRQ 0
Mär 08 15:22:25 archlinux kernel: ACPI: PCI: Interrupt link LNKF configured for IRQ 0
Mär 08 15:22:25 archlinux kernel: ACPI: PCI: Interrupt link LNKG configured for IRQ 0
Mär 08 15:22:25 archlinux kernel: ACPI: PCI: Interrupt link LNKH configured for IRQ 0
Mär 08 15:22:25 archlinux kernel: iommu: Default domain type: Translated
Mär 08 15:22:25 archlinux kernel: iommu: DMA domain TLB invalidation policy: lazy mode
Mär 08 15:22:25 archlinux kernel: SCSI subsystem initialized
Mär 08 15:22:25 archlinux kernel: libata version 3.00 loaded.
Mär 08 15:22:25 archlinux kernel: ACPI: bus type USB registered
Mär 08 15:22:25 archlinux kernel: usbcore: registered new interface driver usbfs
Mär 08 15:22:25 archlinux kernel: usbcore: registered new interface driver hub
Mär 08 15:22:25 archlinux kernel: usbcore: registered new device driver usb
Mär 08 15:22:25 archlinux kernel: EDAC MC: Ver: 3.0.0
Mär 08 15:22:25 archlinux kernel: efivars: Registered efivars operations
Mär 08 15:22:25 archlinux kernel: NetLabel: Initializing
Mär 08 15:22:25 archlinux kernel: NetLabel:  domain hash size = 128
Mär 08 15:22:25 archlinux kernel: NetLabel:  protocols = UNLABELED CIPSOv4 CALIPSO
Mär 08 15:22:25 archlinux kernel: NetLabel:  unlabeled traffic allowed by default
Mär 08 15:22:25 archlinux kernel: mctp: management component transport protocol core
Mär 08 15:22:25 archlinux kernel: NET: Registered PF_MCTP protocol family
Mär 08 15:22:25 archlinux kernel: PCI: Using ACPI for IRQ routing
Mär 08 15:22:25 archlinux kernel: PCI: pci_cache_line_size set to 64 bytes
Mär 08 15:22:25 archlinux kernel: e820: reserve RAM buffer [mem 0x09d82000-0x0bffffff]
Mär 08 15:22:25 archlinux kernel: e820: reserve RAM buffer [mem 0x0a200000-0x0bffffff]
Mär 08 15:22:25 archlinux kernel: e820: reserve RAM buffer [mem 0x0b000000-0x0bffffff]
Mär 08 15:22:25 archlinux kernel: e820: reserve RAM buffer [mem 0xa930c018-0xabffffff]
Mär 08 15:22:25 archlinux kernel: e820: reserve RAM buffer [mem 0xb701b018-0xb7ffffff]
Mär 08 15:22:25 archlinux kernel: e820: reserve RAM buffer [mem 0xb715c000-0xb7ffffff]
Mär 08 15:22:25 archlinux kernel: e820: reserve RAM buffer [mem 0xbb116000-0xbbffffff]
Mär 08 15:22:25 archlinux kernel: e820: reserve RAM buffer [mem 0xbf000000-0xbfffffff]
Mär 08 15:22:25 archlinux kernel: e820: reserve RAM buffer [mem 0x43f380000-0x43fffffff]
Mär 08 15:22:25 archlinux kernel: pci 0000:27:00.0: vgaarb: setting as boot VGA device
Mär 08 15:22:25 archlinux kernel: pci 0000:27:00.0: vgaarb: bridge control possible
Mär 08 15:22:25 archlinux kernel: pci 0000:27:00.0: vgaarb: VGA device added: decodes=io+mem,owns=none,locks=none
Mär 08 15:22:25 archlinux kernel: vgaarb: loaded
Mär 08 15:22:25 archlinux kernel: hpet0: at MMIO 0xfed00000, IRQs 2, 8, 0
Mär 08 15:22:25 archlinux kernel: hpet0: 3 comparators, 32-bit 14.318180 MHz counter
Mär 08 15:22:25 archlinux kernel: clocksource: Switched to clocksource tsc-early
Mär 08 15:22:25 archlinux kernel: VFS: Disk quotas dquot_6.6.0
Mär 08 15:22:25 archlinux kernel: VFS: Dquot-cache hash table entries: 512 (order 0, 4096 bytes)
Mär 08 15:22:25 archlinux kernel: pnp: PnP ACPI init
Mär 08 15:22:25 archlinux kernel: system 00:00: [mem 0xf0000000-0xf7ffffff] has been reserved
Mär 08 15:22:25 archlinux kernel: system 00:01: [mem 0xfd200000-0xfd2fffff] has been reserved
Mär 08 15:22:25 archlinux kernel: system 00:03: [io  0x0a00-0x0a0f] has been reserved
Mär 08 15:22:25 archlinux kernel: system 00:03: [io  0x0a10-0x0a1f] has been reserved
Mär 08 15:22:25 archlinux kernel: system 00:03: [io  0x0a20-0x0a2f] has been reserved
Mär 08 15:22:25 archlinux kernel: system 00:03: [io  0x0a30-0x0a3f] has been reserved
Mär 08 15:22:25 archlinux kernel: pnp 00:04: [dma 0 disabled]
Mär 08 15:22:25 archlinux kernel: pnp 00:05: [dma 0 disabled]
Mär 08 15:22:25 archlinux kernel: system 00:06: [io  0x04d0-0x04d1] has been reserved
Mär 08 15:22:25 archlinux kernel: system 00:06: [io  0x040b] has been reserved
Mär 08 15:22:25 archlinux kernel: system 00:06: [io  0x04d6] has been reserved
Mär 08 15:22:25 archlinux kernel: system 00:06: [io  0x0c00-0x0c01] has been reserved
Mär 08 15:22:25 archlinux kernel: system 00:06: [io  0x0c14] has been reserved
Mär 08 15:22:25 archlinux kernel: system 00:06: [io  0x0c50-0x0c51] has been reserved
Mär 08 15:22:25 archlinux kernel: system 00:06: [io  0x0c52] has been reserved
Mär 08 15:22:25 archlinux kernel: system 00:06: [io  0x0c6c] has been reserved
Mär 08 15:22:25 archlinux kernel: system 00:06: [io  0x0c6f] has been reserved
Mär 08 15:22:25 archlinux kernel: system 00:06: [io  0x0cd8-0x0cdf] has been reserved
Mär 08 15:22:25 archlinux kernel: system 00:06: [io  0x0800-0x089f] has been reserved
Mär 08 15:22:25 archlinux kernel: system 00:06: [io  0x0b00-0x0b0f] has been reserved
Mär 08 15:22:25 archlinux kernel: system 00:06: [io  0x0b20-0x0b3f] has been reserved
Mär 08 15:22:25 archlinux kernel: system 00:06: [io  0x0900-0x090f] has been reserved
Mär 08 15:22:25 archlinux kernel: system 00:06: [io  0x0910-0x091f] has been reserved
Mär 08 15:22:25 archlinux kernel: system 00:06: [mem 0xfec00000-0xfec00fff] could not be reserved
Mär 08 15:22:25 archlinux kernel: system 00:06: [mem 0xfec01000-0xfec01fff] could not be reserved
Mär 08 15:22:25 archlinux kernel: system 00:06: [mem 0xfedc0000-0xfedc0fff] has been reserved
Mär 08 15:22:25 archlinux kernel: system 00:06: [mem 0xfee00000-0xfee00fff] has been reserved
Mär 08 15:22:25 archlinux kernel: system 00:06: [mem 0xfed80000-0xfed8ffff] could not be reserved
Mär 08 15:22:25 archlinux kernel: system 00:06: [mem 0xfec10000-0xfec10fff] has been reserved
Mär 08 15:22:25 archlinux kernel: system 00:06: [mem 0xff000000-0xffffffff] has been reserved
Mär 08 15:22:25 archlinux kernel: pnp: PnP ACPI: found 7 devices
Mär 08 15:22:25 archlinux kernel: clocksource: acpi_pm: mask: 0xffffff max_cycles: 0xffffff, max_idle_ns: 2085701024 ns
Mär 08 15:22:25 archlinux kernel: NET: Registered PF_INET protocol family
Mär 08 15:22:25 archlinux kernel: IP idents hash table entries: 262144 (order: 9, 2097152 bytes, linear)
Mär 08 15:22:25 archlinux kernel: tcp_listen_portaddr_hash hash table entries: 8192 (order: 5, 131072 bytes, linear)
Mär 08 15:22:25 archlinux kernel: Table-perturb hash table entries: 65536 (order: 6, 262144 bytes, linear)
Mär 08 15:22:25 archlinux kernel: TCP established hash table entries: 131072 (order: 8, 1048576 bytes, linear)
Mär 08 15:22:25 archlinux kernel: TCP bind hash table entries: 65536 (order: 9, 2097152 bytes, linear)
Mär 08 15:22:25 archlinux kernel: TCP: Hash tables configured (established 131072 bind 65536)
Mär 08 15:22:25 archlinux kernel: MPTCP token hash table entries: 16384 (order: 6, 393216 bytes, linear)
Mär 08 15:22:25 archlinux kernel: UDP hash table entries: 8192 (order: 7, 524288 bytes, linear)
Mär 08 15:22:25 archlinux kernel: UDP-Lite hash table entries: 8192 (order: 7, 524288 bytes, linear)
Mär 08 15:22:25 archlinux kernel: NET: Registered PF_UNIX/PF_LOCAL protocol family
Mär 08 15:22:25 archlinux kernel: NET: Registered PF_XDP protocol family
Mär 08 15:22:25 archlinux kernel: pci 0000:00:01.1: PCI bridge to [bus 01]
Mär 08 15:22:25 archlinux kernel: pci 0000:00:01.1:   bridge window [mem 0xfc800000-0xfc8fffff]
Mär 08 15:22:25 archlinux kernel: pci 0000:20:00.0: PCI bridge to [bus 21]
Mär 08 15:22:25 archlinux kernel: pci 0000:20:01.0: PCI bridge to [bus 22]
Mär 08 15:22:25 archlinux kernel: pci 0000:20:01.0:   bridge window [io  0xe000-0xefff]
Mär 08 15:22:25 archlinux kernel: pci 0000:20:01.0:   bridge window [mem 0xfc600000-0xfc6fffff]
Mär 08 15:22:25 archlinux kernel: pci 0000:25:00.0: PCI bridge to [bus 26]
Mär 08 15:22:25 archlinux kernel: pci 0000:25:00.0:   bridge window [io  0xd000-0xdfff]
Mär 08 15:22:25 archlinux kernel: pci 0000:25:00.0:   bridge window [mem 0xfc500000-0xfc5fffff]
Mär 08 15:22:25 archlinux kernel: pci 0000:20:04.0: PCI bridge to [bus 25-26]
Mär 08 15:22:25 archlinux kernel: pci 0000:20:04.0:   bridge window [io  0xd000-0xdfff]
Mär 08 15:22:25 archlinux kernel: pci 0000:20:04.0:   bridge window [mem 0xfc500000-0xfc5fffff]
Mär 08 15:22:25 archlinux kernel: pci 0000:03:00.2: PCI bridge to [bus 20-26]
Mär 08 15:22:25 archlinux kernel: pci 0000:03:00.2:   bridge window [io  0xd000-0xefff]
Mär 08 15:22:25 archlinux kernel: pci 0000:03:00.2:   bridge window [mem 0xfc500000-0xfc6fffff]
Mär 08 15:22:25 archlinux kernel: pci 0000:00:01.3: PCI bridge to [bus 03-26]
Mär 08 15:22:25 archlinux kernel: pci 0000:00:01.3:   bridge window [io  0xd000-0xefff]
Mär 08 15:22:25 archlinux kernel: pci 0000:00:01.3:   bridge window [mem 0xfc500000-0xfc7fffff]
Mär 08 15:22:25 archlinux kernel: pci 0000:00:03.1: PCI bridge to [bus 27]
Mär 08 15:22:25 archlinux kernel: pci 0000:00:03.1:   bridge window [io  0xf000-0xffff]
Mär 08 15:22:25 archlinux kernel: pci 0000:00:03.1:   bridge window [mem 0xfb000000-0xfc0fffff]
Mär 08 15:22:25 archlinux kernel: pci 0000:00:03.1:   bridge window [mem 0x7fe0000000-0x7ff1ffffff 64bit pref]
Mär 08 15:22:25 archlinux kernel: pci 0000:00:07.1: PCI bridge to [bus 28]
Mär 08 15:22:25 archlinux kernel: pci 0000:00:08.1: PCI bridge to [bus 29]
Mär 08 15:22:25 archlinux kernel: pci 0000:00:08.1:   bridge window [mem 0xfc200000-0xfc4fffff]
Mär 08 15:22:25 archlinux kernel: pci_bus 0000:00: resource 4 [io  0x0000-0x03af window]
Mär 08 15:22:25 archlinux kernel: pci_bus 0000:00: resource 5 [io  0x03e0-0x0cf7 window]
Mär 08 15:22:25 archlinux kernel: pci_bus 0000:00: resource 6 [io  0x03b0-0x03df window]
Mär 08 15:22:25 archlinux kernel: pci_bus 0000:00: resource 7 [io  0x0d00-0xffff window]
Mär 08 15:22:25 archlinux kernel: pci_bus 0000:00: resource 8 [mem 0x000a0000-0x000dffff window]
Mär 08 15:22:25 archlinux kernel: pci_bus 0000:00: resource 9 [mem 0xc0000000-0xfcffffff window]
Mär 08 15:22:25 archlinux kernel: pci_bus 0000:00: resource 10 [mem 0x440000000-0x7fffffffff window]
Mär 08 15:22:25 archlinux kernel: pci_bus 0000:01: resource 1 [mem 0xfc800000-0xfc8fffff]
Mär 08 15:22:25 archlinux kernel: pci_bus 0000:03: resource 0 [io  0xd000-0xefff]
Mär 08 15:22:25 archlinux kernel: pci_bus 0000:03: resource 1 [mem 0xfc500000-0xfc7fffff]
Mär 08 15:22:25 archlinux kernel: pci_bus 0000:20: resource 0 [io  0xd000-0xefff]
Mär 08 15:22:25 archlinux kernel: pci_bus 0000:20: resource 1 [mem 0xfc500000-0xfc6fffff]
Mär 08 15:22:25 archlinux kernel: pci_bus 0000:22: resource 0 [io  0xe000-0xefff]
Mär 08 15:22:25 archlinux kernel: pci_bus 0000:22: resource 1 [mem 0xfc600000-0xfc6fffff]
Mär 08 15:22:25 archlinux kernel: pci_bus 0000:25: resource 0 [io  0xd000-0xdfff]
Mär 08 15:22:25 archlinux kernel: pci_bus 0000:25: resource 1 [mem 0xfc500000-0xfc5fffff]
Mär 08 15:22:25 archlinux kernel: pci_bus 0000:26: resource 0 [io  0xd000-0xdfff]
Mär 08 15:22:25 archlinux kernel: pci_bus 0000:26: resource 1 [mem 0xfc500000-0xfc5fffff]
Mär 08 15:22:25 archlinux kernel: pci_bus 0000:27: resource 0 [io  0xf000-0xffff]
Mär 08 15:22:25 archlinux kernel: pci_bus 0000:27: resource 1 [mem 0xfb000000-0xfc0fffff]
Mär 08 15:22:25 archlinux kernel: pci_bus 0000:27: resource 2 [mem 0x7fe0000000-0x7ff1ffffff 64bit pref]
Mär 08 15:22:25 archlinux kernel: pci_bus 0000:29: resource 1 [mem 0xfc200000-0xfc4fffff]
Mär 08 15:22:25 archlinux kernel: pci 0000:25:00.0: Disabling ASPM L0s/L1
Mär 08 15:22:25 archlinux kernel: pci 0000:27:00.1: extending delay after power-on from D3hot to 20 msec
Mär 08 15:22:25 archlinux kernel: pci 0000:27:00.1: D0 power state depends on 0000:27:00.0
Mär 08 15:22:25 archlinux kernel: PCI: CLS 64 bytes, default 64
Mär 08 15:22:25 archlinux kernel: pci 0000:00:00.2: AMD-Vi: IOMMU performance counters supported
Mär 08 15:22:25 archlinux kernel: Trying to unpack rootfs image as initramfs...
Mär 08 15:22:25 archlinux kernel: pci 0000:00:01.0: Adding to iommu group 0
Mär 08 15:22:25 archlinux kernel: pci 0000:00:01.1: Adding to iommu group 1
Mär 08 15:22:25 archlinux kernel: pci 0000:00:01.3: Adding to iommu group 2
Mär 08 15:22:25 archlinux kernel: pci 0000:00:02.0: Adding to iommu group 3
Mär 08 15:22:25 archlinux kernel: pci 0000:00:03.0: Adding to iommu group 4
Mär 08 15:22:25 archlinux kernel: pci 0000:00:03.1: Adding to iommu group 5
Mär 08 15:22:25 archlinux kernel: pci 0000:00:04.0: Adding to iommu group 6
Mär 08 15:22:25 archlinux kernel: pci 0000:00:05.0: Adding to iommu group 7
Mär 08 15:22:25 archlinux kernel: pci 0000:00:07.0: Adding to iommu group 8
Mär 08 15:22:25 archlinux kernel: pci 0000:00:07.1: Adding to iommu group 9
Mär 08 15:22:25 archlinux kernel: pci 0000:00:08.0: Adding to iommu group 10
Mär 08 15:22:25 archlinux kernel: pci 0000:00:08.1: Adding to iommu group 11
Mär 08 15:22:25 archlinux kernel: pci 0000:00:14.0: Adding to iommu group 12
Mär 08 15:22:25 archlinux kernel: pci 0000:00:14.3: Adding to iommu group 12
Mär 08 15:22:25 archlinux kernel: pci 0000:00:18.0: Adding to iommu group 13
Mär 08 15:22:25 archlinux kernel: pci 0000:00:18.1: Adding to iommu group 13
Mär 08 15:22:25 archlinux kernel: pci 0000:00:18.2: Adding to iommu group 13
Mär 08 15:22:25 archlinux kernel: pci 0000:00:18.3: Adding to iommu group 13
Mär 08 15:22:25 archlinux kernel: pci 0000:00:18.4: Adding to iommu group 13
Mär 08 15:22:25 archlinux kernel: pci 0000:00:18.5: Adding to iommu group 13
Mär 08 15:22:25 archlinux kernel: pci 0000:00:18.6: Adding to iommu group 13
Mär 08 15:22:25 archlinux kernel: pci 0000:00:18.7: Adding to iommu group 13
Mär 08 15:22:25 archlinux kernel: pci 0000:01:00.0: Adding to iommu group 14
Mär 08 15:22:25 archlinux kernel: pci 0000:03:00.0: Adding to iommu group 15
Mär 08 15:22:25 archlinux kernel: pci 0000:03:00.1: Adding to iommu group 15
Mär 08 15:22:25 archlinux kernel: pci 0000:03:00.2: Adding to iommu group 15
Mär 08 15:22:25 archlinux kernel: pci 0000:20:00.0: Adding to iommu group 15
Mär 08 15:22:25 archlinux kernel: pci 0000:20:01.0: Adding to iommu group 15
Mär 08 15:22:25 archlinux kernel: pci 0000:20:04.0: Adding to iommu group 15
Mär 08 15:22:25 archlinux kernel: pci 0000:22:00.0: Adding to iommu group 15
Mär 08 15:22:25 archlinux kernel: pci 0000:25:00.0: Adding to iommu group 15
Mär 08 15:22:25 archlinux kernel: pci 0000:26:00.0: Adding to iommu group 15
Mär 08 15:22:25 archlinux kernel: pci 0000:27:00.0: Adding to iommu group 16
Mär 08 15:22:25 archlinux kernel: pci 0000:27:00.1: Adding to iommu group 16
Mär 08 15:22:25 archlinux kernel: pci 0000:28:00.0: Adding to iommu group 17
Mär 08 15:22:25 archlinux kernel: pci 0000:29:00.0: Adding to iommu group 18
Mär 08 15:22:25 archlinux kernel: pci 0000:29:00.1: Adding to iommu group 19
Mär 08 15:22:25 archlinux kernel: pci 0000:29:00.3: Adding to iommu group 20
Mär 08 15:22:25 archlinux kernel: pci 0000:29:00.4: Adding to iommu group 21
Mär 08 15:22:25 archlinux kernel: AMD-Vi: Extended features (0x58f77ef22294a5a, 0x0): PPR NX GT IA PC GA_vAPIC
Mär 08 15:22:25 archlinux kernel: AMD-Vi: Interrupt remapping enabled
Mär 08 15:22:25 archlinux kernel: PCI-DMA: Using software bounce buffering for IO (SWIOTLB)
Mär 08 15:22:25 archlinux kernel: software IO TLB: mapped [mem 0x00000000a530c000-0x00000000a930c000] (64MB)
Mär 08 15:22:25 archlinux kernel: LVT offset 0 assigned for vector 0x400
Mär 08 15:22:25 archlinux kernel: perf: AMD IBS detected (0x000003ff)
Mär 08 15:22:25 archlinux kernel: perf/amd_iommu: Detected AMD IOMMU #0 (2 banks, 4 counters/bank).
Mär 08 15:22:25 archlinux kernel: Initialise system trusted keyrings
Mär 08 15:22:25 archlinux kernel: Key type blacklist registered
Mär 08 15:22:25 archlinux kernel: workingset: timestamp_bits=36 max_order=22 bucket_order=0
Mär 08 15:22:25 archlinux kernel: fuse: init (API version 7.41)
Mär 08 15:22:25 archlinux kernel: integrity: Platform Keyring initialized
Mär 08 15:22:25 archlinux kernel: integrity: Machine keyring initialized
Mär 08 15:22:25 archlinux kernel: Key type asymmetric registered
Mär 08 15:22:25 archlinux kernel: Asymmetric key parser 'x509' registered
Mär 08 15:22:25 archlinux kernel: Block layer SCSI generic (bsg) driver version 0.4 loaded (major 246)
Mär 08 15:22:25 archlinux kernel: io scheduler mq-deadline registered
Mär 08 15:22:25 archlinux kernel: io scheduler kyber registered
Mär 08 15:22:25 archlinux kernel: io scheduler bfq registered
Mär 08 15:22:25 archlinux kernel: ledtrig-cpu: registered to indicate activity on CPUs
Mär 08 15:22:25 archlinux kernel: shpchp: Standard Hot Plug PCI Controller Driver version: 0.4
Mär 08 15:22:25 archlinux kernel: input: Power Button as /devices/LNXSYSTM:00/LNXSYBUS:00/PNP0C0C:00/input/input0
Mär 08 15:22:25 archlinux kernel: ACPI: button: Power Button [PWRB]
Mär 08 15:22:25 archlinux kernel: input: Power Button as /devices/LNXSYSTM:00/LNXPWRBN:00/input/input1
Mär 08 15:22:25 archlinux kernel: ACPI: button: Power Button [PWRF]
Mär 08 15:22:25 archlinux kernel: Monitor-Mwait will be used to enter C-1 state
Mär 08 15:22:25 archlinux kernel: Estimated ratio of average max frequency by base frequency (times 1024): 1110
Mär 08 15:22:25 archlinux kernel: Serial: 8250/16550 driver, 32 ports, IRQ sharing enabled
Mär 08 15:22:25 archlinux kernel: 00:05: ttyS0 at I/O 0x3f8 (irq = 4, base_baud = 115200) is a 16550A
Mär 08 15:22:25 archlinux kernel: Non-volatile memory driver v1.3
Mär 08 15:22:25 archlinux kernel: Linux agpgart interface v0.103
Mär 08 15:22:25 archlinux kernel: tpm_crb MSFT0101:00: Disabling hwrng
Mär 08 15:22:25 archlinux kernel: ACPI: bus type drm_connector registered
Mär 08 15:22:25 archlinux kernel: ahci 0000:03:00.1: version 3.0
Mär 08 15:22:25 archlinux kernel: ahci 0000:03:00.1: SSS flag set, parallel bus scan disabled
Mär 08 15:22:25 archlinux kernel: ahci 0000:03:00.1: AHCI vers 0001.0301, 32 command slots, 6 Gbps, SATA mode
Mär 08 15:22:25 archlinux kernel: ahci 0000:03:00.1: 4/8 ports implemented (port mask 0x33)
Mär 08 15:22:25 archlinux kernel: ahci 0000:03:00.1: flags: 64bit ncq sntf stag pm led clo only pmp pio slum part sxs deso sadm sds apst 
Mär 08 15:22:25 archlinux kernel: scsi host0: ahci
Mär 08 15:22:25 archlinux kernel: scsi host1: ahci
Mär 08 15:22:25 archlinux kernel: scsi host2: ahci
Mär 08 15:22:25 archlinux kernel: scsi host3: ahci
Mär 08 15:22:25 archlinux kernel: scsi host4: ahci
Mär 08 15:22:25 archlinux kernel: scsi host5: ahci
Mär 08 15:22:25 archlinux kernel: scsi host6: ahci
Mär 08 15:22:25 archlinux kernel: scsi host7: ahci
Mär 08 15:22:25 archlinux kernel: ata1: SATA max UDMA/133 abar m131072@0xfc780000 port 0xfc780100 irq 38 lpm-pol 3
Mär 08 15:22:25 archlinux kernel: ata2: SATA max UDMA/133 abar m131072@0xfc780000 port 0xfc780180 irq 38 lpm-pol 3
Mär 08 15:22:25 archlinux kernel: ata3: DUMMY
Mär 08 15:22:25 archlinux kernel: ata4: DUMMY
Mär 08 15:22:25 archlinux kernel: ata5: SATA max UDMA/133 abar m131072@0xfc780000 port 0xfc780300 irq 38 lpm-pol 3
Mär 08 15:22:25 archlinux kernel: ata6: SATA max UDMA/133 abar m131072@0xfc780000 port 0xfc780380 irq 38 lpm-pol 3
Mär 08 15:22:25 archlinux kernel: ata7: DUMMY
Mär 08 15:22:25 archlinux kernel: ata8: DUMMY
Mär 08 15:22:25 archlinux kernel: xhci_hcd 0000:03:00.0: xHCI Host Controller
Mär 08 15:22:25 archlinux kernel: xhci_hcd 0000:03:00.0: new USB bus registered, assigned bus number 1
Mär 08 15:22:25 archlinux kernel: Freeing initrd memory: 148980K
Mär 08 15:22:25 archlinux kernel: xhci_hcd 0000:03:00.0: hcc params 0x0200ef81 hci version 0x110 quirks 0x0000000000000010
Mär 08 15:22:25 archlinux kernel: xhci_hcd 0000:03:00.0: xHCI Host Controller
Mär 08 15:22:25 archlinux kernel: xhci_hcd 0000:03:00.0: new USB bus registered, assigned bus number 2
Mär 08 15:22:25 archlinux kernel: xhci_hcd 0000:03:00.0: Host supports USB 3.1 Enhanced SuperSpeed
Mär 08 15:22:25 archlinux kernel: usb usb1: New USB device found, idVendor=1d6b, idProduct=0002, bcdDevice= 6.13
Mär 08 15:22:25 archlinux kernel: usb usb1: New USB device strings: Mfr=3, Product=2, SerialNumber=1
Mär 08 15:22:25 archlinux kernel: usb usb1: Product: xHCI Host Controller
Mär 08 15:22:25 archlinux kernel: usb usb1: Manufacturer: Linux 6.13.5-arch1-1 xhci-hcd
Mär 08 15:22:25 archlinux kernel: usb usb1: SerialNumber: 0000:03:00.0
Mär 08 15:22:25 archlinux kernel: hub 1-0:1.0: USB hub found
Mär 08 15:22:25 archlinux kernel: hub 1-0:1.0: 10 ports detected
Mär 08 15:22:25 archlinux kernel: usb usb2: We don't know the algorithms for LPM for this host, disabling LPM.
Mär 08 15:22:25 archlinux kernel: usb usb2: New USB device found, idVendor=1d6b, idProduct=0003, bcdDevice= 6.13
Mär 08 15:22:25 archlinux kernel: usb usb2: New USB device strings: Mfr=3, Product=2, SerialNumber=1
Mär 08 15:22:25 archlinux kernel: usb usb2: Product: xHCI Host Controller
Mär 08 15:22:25 archlinux kernel: usb usb2: Manufacturer: Linux 6.13.5-arch1-1 xhci-hcd
Mär 08 15:22:25 archlinux kernel: usb usb2: SerialNumber: 0000:03:00.0
Mär 08 15:22:25 archlinux kernel: hub 2-0:1.0: USB hub found
Mär 08 15:22:25 archlinux kernel: hub 2-0:1.0: 4 ports detected
Mär 08 15:22:25 archlinux kernel: xhci_hcd 0000:29:00.3: xHCI Host Controller
Mär 08 15:22:25 archlinux kernel: xhci_hcd 0000:29:00.3: new USB bus registered, assigned bus number 3
Mär 08 15:22:25 archlinux kernel: xhci_hcd 0000:29:00.3: hcc params 0x0278ffe5 hci version 0x110 quirks 0x0000000000000010
Mär 08 15:22:25 archlinux kernel: xhci_hcd 0000:29:00.3: xHCI Host Controller
Mär 08 15:22:25 archlinux kernel: xhci_hcd 0000:29:00.3: new USB bus registered, assigned bus number 4
Mär 08 15:22:25 archlinux kernel: xhci_hcd 0000:29:00.3: Host supports USB 3.1 Enhanced SuperSpeed
Mär 08 15:22:25 archlinux kernel: usb usb3: New USB device found, idVendor=1d6b, idProduct=0002, bcdDevice= 6.13
Mär 08 15:22:25 archlinux kernel: usb usb3: New USB device strings: Mfr=3, Product=2, SerialNumber=1
Mär 08 15:22:25 archlinux kernel: usb usb3: Product: xHCI Host Controller
Mär 08 15:22:25 archlinux kernel: usb usb3: Manufacturer: Linux 6.13.5-arch1-1 xhci-hcd
Mär 08 15:22:25 archlinux kernel: usb usb3: SerialNumber: 0000:29:00.3
Mär 08 15:22:25 archlinux kernel: hub 3-0:1.0: USB hub found
Mär 08 15:22:25 archlinux kernel: hub 3-0:1.0: 4 ports detected
Mär 08 15:22:25 archlinux kernel: usb usb4: We don't know the algorithms for LPM for this host, disabling LPM.
Mär 08 15:22:25 archlinux kernel: usb usb4: New USB device found, idVendor=1d6b, idProduct=0003, bcdDevice= 6.13
Mär 08 15:22:25 archlinux kernel: usb usb4: New USB device strings: Mfr=3, Product=2, SerialNumber=1
Mär 08 15:22:25 archlinux kernel: usb usb4: Product: xHCI Host Controller
Mär 08 15:22:25 archlinux kernel: usb usb4: Manufacturer: Linux 6.13.5-arch1-1 xhci-hcd
Mär 08 15:22:25 archlinux kernel: usb usb4: SerialNumber: 0000:29:00.3
Mär 08 15:22:25 archlinux kernel: hub 4-0:1.0: USB hub found
Mär 08 15:22:25 archlinux kernel: hub 4-0:1.0: 4 ports detected
Mär 08 15:22:25 archlinux kernel: usbcore: registered new interface driver usbserial_generic
Mär 08 15:22:25 archlinux kernel: usbserial: USB Serial support registered for generic
Mär 08 15:22:25 archlinux kernel: rtc_cmos 00:02: RTC can wake from S4
Mär 08 15:22:25 archlinux kernel: rtc_cmos 00:02: registered as rtc0
Mär 08 15:22:25 archlinux kernel: rtc_cmos 00:02: setting system clock to 2025-03-08T14:22:20 UTC (1741443740)
Mär 08 15:22:25 archlinux kernel: rtc_cmos 00:02: alarms up to one month, y3k, 114 bytes nvram
Mär 08 15:22:25 archlinux kernel: efifb: probing for efifb
Mär 08 15:22:25 archlinux kernel: efifb: framebuffer at 0x7fe0000000, using 9600k, total 9600k
Mär 08 15:22:25 archlinux kernel: efifb: mode is 1920x1200x32, linelength=8192, pages=1
Mär 08 15:22:25 archlinux kernel: efifb: scrolling: redraw
Mär 08 15:22:25 archlinux kernel: efifb: Truecolor: size=8:8:8:8, shift=24:16:8:0
Mär 08 15:22:25 archlinux kernel: fbcon: Deferring console take-over
Mär 08 15:22:25 archlinux kernel: fb0: EFI VGA frame buffer device
Mär 08 15:22:25 archlinux kernel: hid: raw HID events driver (C) Jiri Kosina
Mär 08 15:22:25 archlinux kernel: drop_monitor: Initializing network drop monitor service
Mär 08 15:22:25 archlinux kernel: NET: Registered PF_INET6 protocol family
Mär 08 15:22:25 archlinux kernel: Segment Routing with IPv6
Mär 08 15:22:25 archlinux kernel: RPL Segment Routing with IPv6
Mär 08 15:22:25 archlinux kernel: In-situ OAM (IOAM) with IPv6
Mär 08 15:22:25 archlinux kernel: NET: Registered PF_PACKET protocol family
Mär 08 15:22:25 archlinux kernel: microcode: Current revision: 0x08701034
Mär 08 15:22:25 archlinux kernel: microcode: Updated early from: 0x08701033
Mär 08 15:22:25 archlinux kernel: resctrl: L3 allocation detected
Mär 08 15:22:25 archlinux kernel: resctrl: MB allocation detected
Mär 08 15:22:25 archlinux kernel: resctrl: L3 monitoring detected
Mär 08 15:22:25 archlinux kernel: IPI shorthand broadcast: enabled
Mär 08 15:22:25 archlinux kernel: sched_clock: Marking stable (629827968, 317262872)->(965054078, -17963238)
Mär 08 15:22:25 archlinux kernel: registered taskstats version 1
Mär 08 15:22:25 archlinux kernel: Loading compiled-in X.509 certificates
Mär 08 15:22:25 archlinux kernel: Loaded X.509 cert 'Build time autogenerated kernel key: b7673a27baf42a1f644bd9d7d363e98f5d9617b0'
Mär 08 15:22:25 archlinux kernel: Demotion targets for Node 0: null
Mär 08 15:22:25 archlinux kernel: Key type .fscrypt registered
Mär 08 15:22:25 archlinux kernel: Key type fscrypt-provisioning registered
Mär 08 15:22:25 archlinux kernel: integrity: Loading X.509 certificate: UEFI:db
Mär 08 15:22:25 archlinux kernel: integrity: Loaded X.509 cert 'Microsoft Corporation UEFI CA 2011: 13adbf4309bd82709c8cd54f316ed522988a1bd4'
Mär 08 15:22:25 archlinux kernel: integrity: Loading X.509 certificate: UEFI:db
Mär 08 15:22:25 archlinux kernel: integrity: Loaded X.509 cert 'Microsoft Windows Production PCA 2011: a92902398e16c49778cd90f99e4f9ae17c55af53'
Mär 08 15:22:25 archlinux kernel: integrity: Loading X.509 certificate: UEFI:db
Mär 08 15:22:25 archlinux kernel: integrity: Loaded X.509 cert 'Microsoft Corporation: Windows UEFI CA 2023: aefc5fbbbe055d8f8daa585473499417ab5a5272'
Mär 08 15:22:25 archlinux kernel: integrity: Loading X.509 certificate: UEFI:db
Mär 08 15:22:25 archlinux kernel: integrity: Loaded X.509 cert 'Microsoft UEFI CA 2023: 81aa6b3244c935bce0d6628af39827421e32497d'
Mär 08 15:22:25 archlinux kernel: integrity: Loading X.509 certificate: UEFI:db
Mär 08 15:22:25 archlinux kernel: integrity: Loaded X.509 cert 'MSI SHIP DB: ebc30d5be5f35f8041c1c2d9e613eee2'
Mär 08 15:22:25 archlinux kernel: PM:   Magic number: 1:888:383
Mär 08 15:22:25 archlinux kernel: usb usb1: hash matches
Mär 08 15:22:25 archlinux kernel: RAS: Correctable Errors collector initialized.
Mär 08 15:22:25 archlinux kernel: clk: Disabling unused clocks
Mär 08 15:22:25 archlinux kernel: PM: genpd: Disabling unused power domains
Mär 08 15:22:25 archlinux kernel: usb 3-1: new full-speed USB device number 2 using xhci_hcd
Mär 08 15:22:25 archlinux kernel: usb 1-3: new high-speed USB device number 2 using xhci_hcd
Mär 08 15:22:25 archlinux kernel: usb 3-1: New USB device found, idVendor=1c75, idProduct=024a, bcdDevice= 2.00
Mär 08 15:22:25 archlinux kernel: usb 3-1: New USB device strings: Mfr=1, Product=2, SerialNumber=3
Mär 08 15:22:25 archlinux kernel: usb 3-1: Product: Arturia KeyLab Essential 49
Mär 08 15:22:25 archlinux kernel: usb 3-1: Manufacturer: Arturia
Mär 08 15:22:25 archlinux kernel: usb 3-1: SerialNumber: 7235400279135383
Mär 08 15:22:25 archlinux kernel: ata1: SATA link up 6.0 Gbps (SStatus 133 SControl 300)
Mär 08 15:22:25 archlinux kernel: ata1.00: Model 'Samsung SSD 850 EVO 250GB', rev 'EMT02B6Q', applying quirks: noncqtrim zeroaftertrim
Mär 08 15:22:25 archlinux kernel: ata1.00: supports DRM functions and may not be fully accessible
Mär 08 15:22:25 archlinux kernel: ata1.00: ATA-9: Samsung SSD 850 EVO 250GB, EMT02B6Q, max UDMA/133
Mär 08 15:22:25 archlinux kernel: ata1.00: 488397168 sectors, multi 1: LBA48 NCQ (depth 32), AA
Mär 08 15:22:25 archlinux kernel: ata1.00: Features: Trust Dev-Sleep NCQ-sndrcv
Mär 08 15:22:25 archlinux kernel: ata1.00: supports DRM functions and may not be fully accessible
Mär 08 15:22:25 archlinux kernel: ata1.00: configured for UDMA/133
Mär 08 15:22:25 archlinux kernel: ahci 0000:03:00.1: port does not support device sleep
Mär 08 15:22:25 archlinux kernel: scsi 0:0:0:0: Direct-Access     ATA      Samsung SSD 850  2B6Q PQ: 0 ANSI: 5
Mär 08 15:22:25 archlinux kernel: sd 0:0:0:0: [sda] 488397168 512-byte logical blocks: (250 GB/233 GiB)
Mär 08 15:22:25 archlinux kernel: sd 0:0:0:0: [sda] Write Protect is off
Mär 08 15:22:25 archlinux kernel: sd 0:0:0:0: [sda] Mode Sense: 00 3a 00 00
Mär 08 15:22:25 archlinux kernel: sd 0:0:0:0: [sda] Write cache: enabled, read cache: enabled, doesn't support DPO or FUA
Mär 08 15:22:25 archlinux kernel: sd 0:0:0:0: [sda] Preferred minimum I/O size 512 bytes
Mär 08 15:22:25 archlinux kernel:  sda: sda1
Mär 08 15:22:25 archlinux kernel: sd 0:0:0:0: [sda] supports TCG Opal
Mär 08 15:22:25 archlinux kernel: sd 0:0:0:0: [sda] Attached SCSI disk
Mär 08 15:22:25 archlinux kernel: usb 3-2: new full-speed USB device number 3 using xhci_hcd
Mär 08 15:22:25 archlinux kernel: usb 1-3: New USB device found, idVendor=1235, idProduct=8213, bcdDevice= 6.45
Mär 08 15:22:25 archlinux kernel: usb 1-3: New USB device strings: Mfr=1, Product=3, SerialNumber=2
Mär 08 15:22:25 archlinux kernel: usb 1-3: Product: Scarlett 8i6 USB
Mär 08 15:22:25 archlinux kernel: usb 1-3: Manufacturer: Focusrite
Mär 08 15:22:25 archlinux kernel: usb 1-3: SerialNumber: F8V9620150AFD7
Mär 08 15:22:25 archlinux kernel: usb 3-2: New USB device found, idVendor=1e7d, idProduct=2d51, bcdDevice= 2.00
Mär 08 15:22:25 archlinux kernel: usb 3-2: New USB device strings: Mfr=1, Product=2, SerialNumber=0
Mär 08 15:22:25 archlinux kernel: usb 3-2: Product: ROCCAT Kone[+]
Mär 08 15:22:25 archlinux kernel: usb 3-2: Manufacturer: ROCCAT
Mär 08 15:22:25 archlinux kernel: usb 1-7: new full-speed USB device number 3 using xhci_hcd
Mär 08 15:22:25 archlinux kernel: usb 3-3: new full-speed USB device number 4 using xhci_hcd
Mär 08 15:22:25 archlinux kernel: tsc: Refined TSC clocksource calibration: 3599.997 MHz
Mär 08 15:22:25 archlinux kernel: clocksource: tsc: mask: 0xffffffffffffffff max_cycles: 0x33e4505a81e, max_idle_ns: 440795320847 ns
Mär 08 15:22:25 archlinux kernel: clocksource: Switched to clocksource tsc
Mär 08 15:22:25 archlinux kernel: ata2: SATA link up 6.0 Gbps (SStatus 133 SControl 300)
Mär 08 15:22:25 archlinux kernel: ata2.00: ATA-10: ST1000LM048-2E7172, SDM1, max UDMA/133
Mär 08 15:22:25 archlinux kernel: usb 3-3: New USB device found, idVendor=1532, idProduct=0203, bcdDevice= 2.00
Mär 08 15:22:25 archlinux kernel: usb 3-3: New USB device strings: Mfr=1, Product=2, SerialNumber=0
Mär 08 15:22:25 archlinux kernel: usb 3-3: Product: Razer BlackWidow Chroma
Mär 08 15:22:25 archlinux kernel: usb 3-3: Manufacturer: Razer
Mär 08 15:22:25 archlinux kernel: ata2.00: 1953525168 sectors, multi 16: LBA48 NCQ (depth 32), AA
Mär 08 15:22:25 archlinux kernel: ata2.00: configured for UDMA/133
Mär 08 15:22:25 archlinux kernel: scsi 1:0:0:0: Direct-Access     ATA      ST1000LM048-2E71 SDM1 PQ: 0 ANSI: 5
Mär 08 15:22:25 archlinux kernel: sd 1:0:0:0: [sdb] 1953525168 512-byte logical blocks: (1.00 TB/932 GiB)
Mär 08 15:22:25 archlinux kernel: sd 1:0:0:0: [sdb] 4096-byte physical blocks
Mär 08 15:22:25 archlinux kernel: sd 1:0:0:0: [sdb] Write Protect is off
Mär 08 15:22:25 archlinux kernel: sd 1:0:0:0: [sdb] Mode Sense: 00 3a 00 00
Mär 08 15:22:25 archlinux kernel: sd 1:0:0:0: [sdb] Write cache: enabled, read cache: enabled, doesn't support DPO or FUA
Mär 08 15:22:25 archlinux kernel: sd 1:0:0:0: [sdb] Preferred minimum I/O size 4096 bytes
Mär 08 15:22:25 archlinux kernel:  sdb: sdb1
Mär 08 15:22:25 archlinux kernel: sd 1:0:0:0: [sdb] Attached SCSI disk
Mär 08 15:22:25 archlinux kernel: usb 1-7: New USB device found, idVendor=045e, idProduct=0719, bcdDevice= 1.00
Mär 08 15:22:25 archlinux kernel: usb 1-7: New USB device strings: Mfr=1, Product=2, SerialNumber=3
Mär 08 15:22:25 archlinux kernel: usb 1-7: Product: Xbox 360 Wireless Receiver for Windows
Mär 08 15:22:25 archlinux kernel: usb 1-7: Manufacturer: ©Microsoft
Mär 08 15:22:25 archlinux kernel: usb 1-7: SerialNumber: FED09B10
Mär 08 15:22:25 archlinux kernel: ata5: SATA link down (SStatus 0 SControl 330)
Mär 08 15:22:25 archlinux kernel: ata6: SATA link down (SStatus 0 SControl 330)
Mär 08 15:22:25 archlinux kernel: Freeing unused decrypted memory: 2028K
Mär 08 15:22:25 archlinux kernel: Freeing unused kernel image (initmem) memory: 4320K
Mär 08 15:22:25 archlinux kernel: Write protecting the kernel read-only data: 34816k
Mär 08 15:22:25 archlinux kernel: Freeing unused kernel image (rodata/data gap) memory: 1224K
Mär 08 15:22:25 archlinux kernel: x86/mm: Checked W+X mappings: passed, no W+X pages found.
Mär 08 15:22:25 archlinux kernel: rodata_test: all tests were successful
Mär 08 15:22:25 archlinux kernel: Run /init as init process
Mär 08 15:22:25 archlinux kernel:   with arguments:
Mär 08 15:22:25 archlinux kernel:     /init
Mär 08 15:22:25 archlinux kernel:   with environment:
Mär 08 15:22:25 archlinux kernel:     HOME=/
Mär 08 15:22:25 archlinux kernel:     TERM=linux
Mär 08 15:22:25 archlinux kernel:     BOOT_IMAGE=/vmlinuz-linux
Mär 08 15:22:25 archlinux kernel: fbcon: Taking over console
Mär 08 15:22:25 archlinux kernel: Console: switching to colour frame buffer device 240x75
Mär 08 15:22:25 archlinux kernel: nvidia: loading out-of-tree module taints kernel.
Mär 08 15:22:25 archlinux kernel: nvidia: module license 'NVIDIA' taints kernel.
Mär 08 15:22:25 archlinux kernel: Disabling lock debugging due to kernel taint
Mär 08 15:22:25 archlinux kernel: nvidia: module verification failed: signature and/or required key missing - tainting kernel
Mär 08 15:22:25 archlinux kernel: nvidia: module license taints kernel.
Mär 08 15:22:25 archlinux kernel: nvidia: unknown parameter 'Nvreg_PreserveVideoMemoryAllocations' ignored
Mär 08 15:22:25 archlinux kernel: nvidia-nvlink: Nvlink Core is being initialized, major device number 240
Mär 08 15:22:25 archlinux kernel: 
Mär 08 15:22:25 archlinux kernel: nvidia 0000:27:00.0: vgaarb: VGA decodes changed: olddecodes=io+mem,decodes=none:owns=none
Mär 08 15:22:25 archlinux kernel: NVRM: loading NVIDIA UNIX x86_64 Kernel Module  570.124.04  Tue Feb 25 04:12:12 UTC 2025
Mär 08 15:22:25 archlinux kernel: nvidia-modeset: Loading NVIDIA Kernel Mode Setting Driver for UNIX platforms  570.124.04  Tue Feb 25 03:39:21 UTC 2025
Mär 08 15:22:25 archlinux kernel: nvidia_uvm: module uses symbols nvUvmInterfaceDisableAccessCntr from proprietary module nvidia, inheriting taint.
Mär 08 15:22:25 archlinux kernel: nvidia-uvm: Loaded the UVM driver, major device number 238.
Mär 08 15:22:25 archlinux kernel: [drm] [nvidia-drm] [GPU ID 0x00002700] Loading driver
Mär 08 15:22:25 archlinux kernel: [drm] Initialized nvidia-drm 0.0.0 for 0000:27:00.0 on minor 0
Mär 08 15:22:25 archlinux kernel: Console: switching to colour dummy device 80x25
Mär 08 15:22:25 archlinux kernel: nvidia 0000:27:00.0: vgaarb: deactivate vga console
Mär 08 15:22:25 archlinux kernel: fbcon: nvidia-drmdrmfb (fb0) is primary device
Mär 08 15:22:25 archlinux kernel: Console: switching to colour frame buffer device 160x64
Mär 08 15:22:25 archlinux kernel: nvidia 0000:27:00.0: [drm] fb0: nvidia-drmdrmfb frame buffer device
Mär 08 15:22:25 archlinux kernel: nvme nvme0: pci function 0000:01:00.0
Mär 08 15:22:25 archlinux kernel: firewire_ohci 0000:26:00.0: enabling device (0080 -> 0083)
Mär 08 15:22:25 archlinux kernel: usbcore: registered new interface driver usbhid
Mär 08 15:22:25 archlinux kernel: usbhid: USB HID core driver
Mär 08 15:22:25 archlinux kernel: nvme nvme0: allocated 128 MiB host memory buffer (1 segment).
Mär 08 15:22:25 archlinux kernel: nvme nvme0: 12/0/0 default/read/poll queues
Mär 08 15:22:25 archlinux kernel:  nvme0n1: p1 p2 p3 p4 p5 p6 p7
Mär 08 15:22:25 archlinux kernel: input: Razer Razer BlackWidow Chroma as /devices/pci0000:00/0000:00:08.1/0000:29:00.3/usb3/3-3/3-3:1.0/0003:1532:0203.0003/input/input2
Mär 08 15:22:25 archlinux kernel: firewire_ohci 0000:26:00.0: added OHCI v1.0 device as card 0, 4 IR + 8 IT contexts, quirks 0x80000011
Mär 08 15:22:25 archlinux kernel: hid-generic 0003:1532:0203.0003: input,hidraw0: USB HID v1.11 Keyboard [Razer Razer BlackWidow Chroma] on usb-0000:29:00.3-3/input0
Mär 08 15:22:25 archlinux kernel: input: Razer Razer BlackWidow Chroma Keyboard as /devices/pci0000:00/0000:00:08.1/0000:29:00.3/usb3/3-3/3-3:1.1/0003:1532:0203.0004/input/input3
Mär 08 15:22:25 archlinux kernel: input: Razer Razer BlackWidow Chroma as /devices/pci0000:00/0000:00:08.1/0000:29:00.3/usb3/3-3/3-3:1.1/0003:1532:0203.0004/input/input4
Mär 08 15:22:25 archlinux kernel: hid-generic 0003:1532:0203.0004: input,hidraw1: USB HID v1.11 Keyboard [Razer Razer BlackWidow Chroma] on usb-0000:29:00.3-3/input1
Mär 08 15:22:25 archlinux kernel: input: Razer Razer BlackWidow Chroma as /devices/pci0000:00/0000:00:08.1/0000:29:00.3/usb3/3-3/3-3:1.2/0003:1532:0203.0005/input/input5
Mär 08 15:22:25 archlinux kernel: hid-generic 0003:1532:0203.0005: input,hidraw2: USB HID v1.11 Mouse [Razer Razer BlackWidow Chroma] on usb-0000:29:00.3-3/input2
Mär 08 15:22:25 archlinux kernel: input: ROCCAT ROCCAT Kone[+] as /devices/pci0000:00/0000:00:08.1/0000:29:00.3/usb3/3-2/3-2:1.0/0003:1E7D:2D51.0001/input/input6
Mär 08 15:22:25 archlinux kernel: koneplus 0003:1E7D:2D51.0001: input,hiddev96,hidraw3: USB HID v1.00 Mouse [ROCCAT ROCCAT Kone[+]] on usb-0000:29:00.3-2/input0
Mär 08 15:22:25 archlinux kernel: input: ROCCAT ROCCAT Kone[+] as /devices/pci0000:00/0000:00:08.1/0000:29:00.3/usb3/3-2/3-2:1.1/0003:1E7D:2D51.0002/input/input7
Mär 08 15:22:25 archlinux kernel: koneplus 0003:1E7D:2D51.0002: input,hidraw4: USB HID v1.11 Keyboard [ROCCAT ROCCAT Kone[+]] on usb-0000:29:00.3-2/input1
Mär 08 15:22:25 archlinux kernel: firewire_core 0000:26:00.0: created device fw0: GUID 0011066645557dc8, S400
Mär 08 15:22:25 archlinux kernel: EXT4-fs (nvme0n1p6): mounted filesystem 6b146679-002f-4327-8a18-014c0a1c8a8d r/w with ordered data mode. Quota mode: none.
Mär 08 15:22:25 archlinux systemd[1]: systemd 257.4-1-arch running in system mode (+PAM +AUDIT -SELINUX -APPARMOR -IMA +IPE +SMACK +SECCOMP +GCRYPT +GNUTLS +OPENSSL +ACL +BLKID +CURL +ELFUTILS +FIDO2 +IDN2 -IDN +IPTC +KMOD +LIBCRYPTSETUP +LIBCRYPTSETUP_PLUGINS +LIBFDISK +PCRE2 +PWQUALITY +P11KIT +QRENCODE +TPM2 +BZIP2 +LZ4 +XZ +ZLIB +ZSTD +BPF_FRAMEWORK +BTF +XKBCOMMON +UTMP -SYSVINIT +LIBARCHIVE)
Mär 08 15:22:25 archlinux systemd[1]: Detected architecture x86-64.
Mär 08 15:22:25 archlinux systemd[1]: bpf-restrict-fs: LSM BPF program attached
Mär 08 15:22:25 archlinux systemd-fstab-generator[360]: Failed to create unit file '/run/systemd/generator/-.mount', as it already exists. Duplicate entry in '/etc/fstab'?
Mär 08 15:22:25 archlinux (sd-exec-[355]: /usr/lib/systemd/system-generators/systemd-fstab-generator failed with exit status 1.
Mär 08 15:22:25 archlinux systemd[1]: Queued start job for default target Graphical Interface.
Mär 08 15:22:25 archlinux systemd[1]: Created slice Slice /system/dirmngr.
Mär 08 15:22:25 archlinux systemd[1]: Created slice Slice /system/getty.
Mär 08 15:22:25 archlinux systemd[1]: Created slice Slice /system/gpg-agent.
Mär 08 15:22:25 archlinux systemd[1]: Created slice Slice /system/gpg-agent-browser.
Mär 08 15:22:25 archlinux systemd[1]: Created slice Slice /system/gpg-agent-extra.
Mär 08 15:22:25 archlinux systemd[1]: Created slice Slice /system/gpg-agent-ssh.
Mär 08 15:22:25 archlinux systemd[1]: Created slice Slice /system/keyboxd.
Mär 08 15:22:25 archlinux systemd[1]: Created slice Slice /system/modprobe.
Mär 08 15:22:25 archlinux systemd[1]: Created slice Slice /system/systemd-fsck.
Mär 08 15:22:25 archlinux systemd[1]: Created slice User and Session Slice.
Mär 08 15:22:25 archlinux systemd[1]: Started Dispatch Password Requests to Console Directory Watch.
Mär 08 15:22:25 archlinux systemd[1]: Started Forward Password Requests to Wall Directory Watch.
Mär 08 15:22:25 archlinux systemd[1]: Set up automount Arbitrary Executable File Formats File System Automount Point.
Mär 08 15:22:25 archlinux systemd[1]: Expecting device /dev/disk/by-uuid/622d4773-6711-480c-a8f7-57b27c6ecf68...
Mär 08 15:22:25 archlinux systemd[1]: Expecting device /dev/disk/by-uuid/99FB-9705...
Mär 08 15:22:25 archlinux systemd[1]: Expecting device /dev/sda1...
Mär 08 15:22:25 archlinux systemd[1]: Reached target Local Encrypted Volumes.
Mär 08 15:22:25 archlinux systemd[1]: Reached target Login Prompts.
Mär 08 15:22:25 archlinux systemd[1]: Reached target Local Integrity Protected Volumes.
Mär 08 15:22:25 archlinux systemd[1]: Reached target Path Units.
Mär 08 15:22:25 archlinux systemd[1]: Reached target Remote File Systems.
Mär 08 15:22:25 archlinux systemd[1]: Reached target Slice Units.
Mär 08 15:22:25 archlinux systemd[1]: Reached target Local Verity Protected Volumes.
Mär 08 15:22:25 archlinux systemd[1]: Listening on Device-mapper event daemon FIFOs.
Mär 08 15:22:25 archlinux systemd[1]: Listening on Process Core Dump Socket.
Mär 08 15:22:25 archlinux systemd[1]: Listening on Credential Encryption/Decryption.
Mär 08 15:22:25 archlinux systemd[1]: Listening on Journal Socket (/dev/log).
Mär 08 15:22:25 archlinux systemd[1]: Listening on Journal Sockets.
Mär 08 15:22:25 archlinux systemd[1]: TPM PCR Measurements was skipped because of an unmet condition check (ConditionSecurity=measured-uki).
Mär 08 15:22:25 archlinux systemd[1]: Make TPM PCR Policy was skipped because of an unmet condition check (ConditionSecurity=measured-uki).
Mär 08 15:22:25 archlinux systemd[1]: Listening on udev Control Socket.
Mär 08 15:22:25 archlinux systemd[1]: Listening on udev Kernel Socket.
Mär 08 15:22:25 archlinux systemd[1]: Listening on User Database Manager Socket.
Mär 08 15:22:25 archlinux systemd[1]: Mounting Huge Pages File System...
Mär 08 15:22:25 archlinux systemd[1]: Mounting POSIX Message Queue File System...
Mär 08 15:22:25 archlinux systemd[1]: Mounting Kernel Debug File System...
Mär 08 15:22:25 archlinux systemd[1]: Mounting Kernel Trace File System...
Mär 08 15:22:25 archlinux systemd[1]: Starting Create List of Static Device Nodes...
Mär 08 15:22:25 archlinux systemd[1]: Starting Load Kernel Module configfs...
Mär 08 15:22:25 archlinux systemd[1]: Starting Load Kernel Module dm_mod...
Mär 08 15:22:25 archlinux systemd[1]: Starting Load Kernel Module drm...
Mär 08 15:22:25 archlinux systemd[1]: Starting Load Kernel Module fuse...
Mär 08 15:22:25 archlinux systemd[1]: Starting Load Kernel Module loop...
Mär 08 15:22:25 archlinux systemd[1]: File System Check on Root Device was skipped because of an unmet condition check (ConditionPathIsReadWrite=!/).
Mär 08 15:22:25 archlinux systemd[1]: Clear Stale Hibernate Storage Info was skipped because of an unmet condition check (ConditionPathExists=/sys/firmware/efi/efivars/HibernateLocation-8cf2644b-4b0b-428f-9387-6d876050dc67).
Mär 08 15:22:25 archlinux systemd[1]: Starting Journal Service...
Mär 08 15:22:25 archlinux systemd[1]: Starting Load Kernel Modules...
Mär 08 15:22:25 archlinux systemd[1]: TPM PCR Machine ID Measurement was skipped because of an unmet condition check (ConditionSecurity=measured-uki).
Mär 08 15:22:25 archlinux systemd[1]: Starting Remount Root and Kernel File Systems...
Mär 08 15:22:25 archlinux systemd[1]: Early TPM SRK Setup was skipped because of an unmet condition check (ConditionSecurity=measured-uki).
Mär 08 15:22:25 archlinux systemd[1]: Starting Load udev Rules from Credentials...
Mär 08 15:22:25 archlinux systemd[1]: Starting Coldplug All udev Devices...
Mär 08 15:22:25 archlinux systemd[1]: Mounted Huge Pages File System.
Mär 08 15:22:25 archlinux systemd[1]: Mounted POSIX Message Queue File System.
Mär 08 15:22:25 archlinux systemd[1]: Mounted Kernel Debug File System.
Mär 08 15:22:25 archlinux systemd[1]: Mounted Kernel Trace File System.
Mär 08 15:22:25 archlinux systemd[1]: Finished Create List of Static Device Nodes.
Mär 08 15:22:25 archlinux systemd[1]: modprobe@configfs.service: Deactivated successfully.
Mär 08 15:22:25 archlinux systemd[1]: Finished Load Kernel Module configfs.
Mär 08 15:22:25 archlinux kernel: loop: module loaded
Mär 08 15:22:25 archlinux systemd[1]: modprobe@drm.service: Deactivated successfully.
Mär 08 15:22:25 archlinux systemd[1]: Finished Load Kernel Module drm.
Mär 08 15:22:25 archlinux systemd[1]: modprobe@fuse.service: Deactivated successfully.
Mär 08 15:22:25 archlinux systemd[1]: Finished Load Kernel Module fuse.
Mär 08 15:22:25 archlinux systemd[1]: modprobe@loop.service: Deactivated successfully.
Mär 08 15:22:25 archlinux systemd[1]: Finished Load Kernel Module loop.
Mär 08 15:22:25 archlinux kernel: device-mapper: uevent: version 1.0.3
Mär 08 15:22:25 archlinux kernel: device-mapper: ioctl: 4.48.0-ioctl (2023-03-01) initialised: dm-devel@lists.linux.dev
Mär 08 15:22:25 archlinux systemd[1]: Finished Load udev Rules from Credentials.
Mär 08 15:22:25 archlinux systemd[1]: modprobe@dm_mod.service: Deactivated successfully.
Mär 08 15:22:25 archlinux systemd[1]: Finished Load Kernel Module dm_mod.
Mär 08 15:22:25 archlinux kernel: EXT4-fs (nvme0n1p6): re-mounted 6b146679-002f-4327-8a18-014c0a1c8a8d r/w. Quota mode: none.
Mär 08 15:22:25 archlinux kernel: EXT4-fs (nvme0n1p6): re-mounted 6b146679-002f-4327-8a18-014c0a1c8a8d r/w. Quota mode: none.
Mär 08 15:22:25 archlinux systemd[1]: Mounting FUSE Control File System...
Mär 08 15:22:25 archlinux systemd-journald[383]: Collecting audit messages is disabled.
Mär 08 15:22:25 archlinux kernel: i2c_dev: i2c /dev entries driver
Mär 08 15:22:25 archlinux systemd[1]: Mounting Kernel Configuration File System...
Mär 08 15:22:25 archlinux systemd[1]: Repartition Root Disk was skipped because no trigger condition checks were met.
Mär 08 15:22:25 archlinux systemd[1]: Starting Create Static Device Nodes in /dev gracefully...
Mär 08 15:22:25 archlinux systemd[1]: Finished Load Kernel Modules.
Mär 08 15:22:25 archlinux systemd[1]: Finished Remount Root and Kernel File Systems.
Mär 08 15:22:25 archlinux systemd[1]: Mounted FUSE Control File System.
Mär 08 15:22:25 archlinux systemd[1]: Mounted Kernel Configuration File System.
Mär 08 15:22:25 archlinux systemd[1]: Rebuild Hardware Database was skipped because of an unmet condition check (ConditionNeedsUpdate=/etc).
Mär 08 15:22:25 archlinux systemd[1]: Starting Load/Save OS Random Seed...
Mär 08 15:22:25 archlinux systemd[1]: Starting Apply Kernel Variables...
Mär 08 15:22:25 archlinux systemd[1]: TPM SRK Setup was skipped because of an unmet condition check (ConditionSecurity=measured-uki).
Mär 08 15:22:25 archlinux systemd[1]: Starting User Database Manager...
Mär 08 15:22:25 archlinux systemd[1]: Finished Load/Save OS Random Seed.
Mär 08 15:22:25 archlinux systemd[1]: Finished Apply Kernel Variables.
Mär 08 15:22:25 archlinux systemd[1]: Started User Database Manager.
Mär 08 15:22:25 archlinux systemd-journald[383]: Journal started
Mär 08 15:22:25 archlinux systemd-journald[383]: Runtime Journal (/run/log/journal/e8801e20f8094f3faf283a472a4055b9) is 8M, max 795.7M, 787.7M free.
Mär 08 15:22:25 archlinux systemd-modules-load[384]: Inserted module 'crypto_user'
Mär 08 15:22:25 archlinux systemd-modules-load[384]: Inserted module 'i2c_dev'
Mär 08 15:22:25 archlinux systemd[1]: Started Journal Service.
Mär 08 15:22:25 archlinux systemd[1]: Starting Flush Journal to Persistent Storage...
Mär 08 15:22:25 archlinux systemd[1]: Finished Create Static Device Nodes in /dev gracefully.
Mär 08 15:22:25 archlinux systemd[1]: Create System Users was skipped because no trigger condition checks were met.
Mär 08 15:22:25 archlinux systemd[1]: Starting Network Time Synchronization...
Mär 08 15:22:25 archlinux systemd-journald[383]: Time spent on flushing to /var/log/journal/e8801e20f8094f3faf283a472a4055b9 is 29.030ms for 1061 entries.
Mär 08 15:22:25 archlinux systemd-journald[383]: System Journal (/var/log/journal/e8801e20f8094f3faf283a472a4055b9) is 1.4G, max 4G, 2.5G free.
Mär 08 15:22:26 archlinux systemd-journald[383]: Received client request to flush runtime journal.
Mär 08 15:22:25 archlinux systemd[1]: Starting Create Static Device Nodes in /dev...
Mär 08 15:22:25 archlinux systemd[1]: Finished Create Static Device Nodes in /dev.
Mär 08 15:22:25 archlinux systemd[1]: Reached target Preparation for Local File Systems.
Mär 08 15:22:25 archlinux systemd[1]: Starting Rule-based Manager for Device Events and Files...
Mär 08 15:22:25 archlinux systemd[1]: Started Network Time Synchronization.
Mär 08 15:22:25 archlinux systemd[1]: Finished Coldplug All udev Devices.
Mär 08 15:22:25 archlinux systemd[1]: Reached target System Time Set.
Mär 08 15:22:25 archlinux systemd-udevd[430]: Using default interface naming scheme 'v257'.
Mär 08 15:22:26 archlinux systemd[1]: Finished Flush Journal to Persistent Storage.
Mär 08 15:22:26 archlinux systemd[1]: Started Rule-based Manager for Device Events and Files.
Mär 08 15:22:26 archlinux systemd[1]: Reached target Trusted Platform Module.
Mär 08 15:22:26 archlinux mtp-probe[482]: checking bus 3, device 3: "/sys/devices/pci0000:00/0000:00:08.1/0000:29:00.3/usb3/3-2"
Mär 08 15:22:26 archlinux mtp-probe[483]: checking bus 3, device 4: "/sys/devices/pci0000:00/0000:00:08.1/0000:29:00.3/usb3/3-3"
Mär 08 15:22:26 archlinux mtp-probe[482]: bus: 3, device: 3 was not an MTP device
Mär 08 15:22:26 archlinux mtp-probe[483]: bus: 3, device: 4 was not an MTP device
Mär 08 15:22:26 archlinux mtp-probe[487]: checking bus 1, device 3: "/sys/devices/pci0000:00/0000:00:01.3/0000:03:00.0/usb1/1-7"
Mär 08 15:22:26 archlinux mtp-probe[489]: checking bus 1, device 2: "/sys/devices/pci0000:00/0000:00:01.3/0000:03:00.0/usb1/1-3"
Mär 08 15:22:26 archlinux mtp-probe[489]: bus: 1, device: 2 was not an MTP device
Mär 08 15:22:26 archlinux mtp-probe[487]: bus: 1, device: 3 was not an MTP device
Mär 08 15:22:26 archlinux kernel: mousedev: PS/2 mouse device common for all mice
Mär 08 15:22:26 archlinux mtp-probe[495]: checking bus 3, device 2: "/sys/devices/pci0000:00/0000:00:08.1/0000:29:00.3/usb3/3-1"
Mär 08 15:22:26 archlinux mtp-probe[495]: bus: 3, device: 2 was not an MTP device
Mär 08 15:22:26 archlinux systemd[1]: Found device WDC WDS100T2B0C-00PXH0 7.
Mär 08 15:22:26 archlinux kernel: parport_pc 00:04: reported by Plug and Play ACPI
Mär 08 15:22:26 archlinux kernel: parport0: PC-style at 0x378, irq 5 [PCSPP]
Mär 08 15:22:26 archlinux kernel: ccp 0000:29:00.1: enabling device (0000 -> 0002)
Mär 08 15:22:26 archlinux kernel: ccp 0000:29:00.1: ccp: unable to access the device: you might be running a broken BIOS.
Mär 08 15:22:26 archlinux kernel: ccp 0000:29:00.1: psp enabled
Mär 08 15:22:26 archlinux kernel: mc: Linux media interface: v0.10
Mär 08 15:22:26 archlinux kernel: input: PC Speaker as /devices/platform/pcspkr/input/input8
